Archive member included to satisfy reference by file (symbol)

c:/users/vivek/appdata/local/ashling/riscfree_idev24.2.0-f/toolchain/riscv64-unknown-elf/bin/../lib/gcc/riscv64-unknown-elf/12.2.0/../../../../riscv64-unknown-elf/lib/rv32imac/ilp32\libc.a(lib_a-assert.o)
                              ./src/support/beebsc.o (__assert_func)
c:/users/vivek/appdata/local/ashling/riscfree_idev24.2.0-f/toolchain/riscv64-unknown-elf/bin/../lib/gcc/riscv64-unknown-elf/12.2.0/../../../../riscv64-unknown-elf/lib/rv32imac/ilp32\libc.a(lib_a-atexit.o)
                              ./src/bsp/env/start.o (atexit)
c:/users/vivek/appdata/local/ashling/riscfree_idev24.2.0-f/toolchain/riscv64-unknown-elf/bin/../lib/gcc/riscv64-unknown-elf/12.2.0/../../../../riscv64-unknown-elf/lib/rv32imac/ilp32\libc.a(lib_a-exit.o)
                              ./src/bsp/env/start.o (exit)
c:/users/vivek/appdata/local/ashling/riscfree_idev24.2.0-f/toolchain/riscv64-unknown-elf/bin/../lib/gcc/riscv64-unknown-elf/12.2.0/../../../../riscv64-unknown-elf/lib/rv32imac/ilp32\libc.a(lib_a-fini.o)
                              ./src/bsp/env/start.o (__libc_fini_array)
c:/users/vivek/appdata/local/ashling/riscfree_idev24.2.0-f/toolchain/riscv64-unknown-elf/bin/../lib/gcc/riscv64-unknown-elf/12.2.0/../../../../riscv64-unknown-elf/lib/rv32imac/ilp32\libc.a(lib_a-fiprintf.o)
                              c:/users/vivek/appdata/local/ashling/riscfree_idev24.2.0-f/toolchain/riscv64-unknown-elf/bin/../lib/gcc/riscv64-unknown-elf/12.2.0/../../../../riscv64-unknown-elf/lib/rv32imac/ilp32\libc.a(lib_a-assert.o) (fiprintf)
c:/users/vivek/appdata/local/ashling/riscfree_idev24.2.0-f/toolchain/riscv64-unknown-elf/bin/../lib/gcc/riscv64-unknown-elf/12.2.0/../../../../riscv64-unknown-elf/lib/rv32imac/ilp32\libc.a(lib_a-impure.o)
                              c:/users/vivek/appdata/local/ashling/riscfree_idev24.2.0-f/toolchain/riscv64-unknown-elf/bin/../lib/gcc/riscv64-unknown-elf/12.2.0/../../../../riscv64-unknown-elf/lib/rv32imac/ilp32\libc.a(lib_a-exit.o) (_global_impure_ptr)
c:/users/vivek/appdata/local/ashling/riscfree_idev24.2.0-f/toolchain/riscv64-unknown-elf/bin/../lib/gcc/riscv64-unknown-elf/12.2.0/../../../../riscv64-unknown-elf/lib/rv32imac/ilp32\libc.a(lib_a-init.o)
                              ./src/bsp/env/start.o (__libc_init_array)
c:/users/vivek/appdata/local/ashling/riscfree_idev24.2.0-f/toolchain/riscv64-unknown-elf/bin/../lib/gcc/riscv64-unknown-elf/12.2.0/../../../../riscv64-unknown-elf/lib/rv32imac/ilp32\libc.a(lib_a-memcmp.o)
                              ./src/picojpeg_test.o (memcmp)
c:/users/vivek/appdata/local/ashling/riscfree_idev24.2.0-f/toolchain/riscv64-unknown-elf/bin/../lib/gcc/riscv64-unknown-elf/12.2.0/../../../../riscv64-unknown-elf/lib/rv32imac/ilp32\libc.a(lib_a-memcpy.o)
                              ./src/picojpeg_test.o (memcpy)
c:/users/vivek/appdata/local/ashling/riscfree_idev24.2.0-f/toolchain/riscv64-unknown-elf/bin/../lib/gcc/riscv64-unknown-elf/12.2.0/../../../../riscv64-unknown-elf/lib/rv32imac/ilp32\libc.a(lib_a-memset.o)
                              ./src/support/beebsc.o (memset)
c:/users/vivek/appdata/local/ashling/riscfree_idev24.2.0-f/toolchain/riscv64-unknown-elf/bin/../lib/gcc/riscv64-unknown-elf/12.2.0/../../../../riscv64-unknown-elf/lib/rv32imac/ilp32\libc.a(lib_a-sysisatty.o)
                              ./src/bsp/libwrap/sys/fstat.o (isatty)
c:/users/vivek/appdata/local/ashling/riscfree_idev24.2.0-f/toolchain/riscv64-unknown-elf/bin/../lib/gcc/riscv64-unknown-elf/12.2.0/../../../../riscv64-unknown-elf/lib/rv32imac/ilp32\libc.a(lib_a-syssbrk.o)
                              ./src/bsp/libwrap/stdlib/malloc.o (sbrk)
c:/users/vivek/appdata/local/ashling/riscfree_idev24.2.0-f/toolchain/riscv64-unknown-elf/bin/../lib/gcc/riscv64-unknown-elf/12.2.0/../../../../riscv64-unknown-elf/lib/rv32imac/ilp32\libc.a(lib_a-syswrite.o)
                              ./src/bsp/libwrap/sys/_exit.o (write)
c:/users/vivek/appdata/local/ashling/riscfree_idev24.2.0-f/toolchain/riscv64-unknown-elf/bin/../lib/gcc/riscv64-unknown-elf/12.2.0/../../../../riscv64-unknown-elf/lib/rv32imac/ilp32\libc.a(lib_a-vfiprintf.o)
                              c:/users/vivek/appdata/local/ashling/riscfree_idev24.2.0-f/toolchain/riscv64-unknown-elf/bin/../lib/gcc/riscv64-unknown-elf/12.2.0/../../../../riscv64-unknown-elf/lib/rv32imac/ilp32\libc.a(lib_a-fiprintf.o) (_vfiprintf_r)
c:/users/vivek/appdata/local/ashling/riscfree_idev24.2.0-f/toolchain/riscv64-unknown-elf/bin/../lib/gcc/riscv64-unknown-elf/12.2.0/../../../../riscv64-unknown-elf/lib/rv32imac/ilp32\libc.a(lib_a-writer.o)
                              c:/users/vivek/appdata/local/ashling/riscfree_idev24.2.0-f/toolchain/riscv64-unknown-elf/bin/../lib/gcc/riscv64-unknown-elf/12.2.0/../../../../riscv64-unknown-elf/lib/rv32imac/ilp32\libc.a(lib_a-syswrite.o) (_write_r)
[...]
Memory Configuration

Name             Origin             Length             Attributes
ram              0x0000000080000000 0x0000000000010000 axw !rl
*default*        0x0000000000000000 0xffffffffffffffff

Linker script and memory map

LOAD ./src/support/beebsc.o
LOAD ./src/support/board.o
LOAD ./src/support/chip.o
LOAD ./src/support/dummy-libm.o
LOAD ./src/support/main.o
LOAD ./src/bsp/libwrap/sys/_exit.o
LOAD ./src/bsp/libwrap/sys/close.o
LOAD ./src/bsp/libwrap/sys/execve.o
LOAD ./src/bsp/libwrap/sys/fork.o
LOAD ./src/bsp/libwrap/sys/fstat.o
LOAD ./src/bsp/libwrap/sys/getpid.o
LOAD ./src/bsp/libwrap/sys/isatty.o
LOAD ./src/bsp/libwrap/sys/kill.o
LOAD ./src/bsp/libwrap/sys/link.o
LOAD ./src/bsp/libwrap/sys/lseek.o
LOAD ./src/bsp/libwrap/sys/open.o
LOAD ./src/bsp/libwrap/sys/openat.o
LOAD ./src/bsp/libwrap/sys/puts.o
LOAD ./src/bsp/libwrap/sys/read.o
LOAD ./src/bsp/libwrap/sys/sbrk.o
LOAD ./src/bsp/libwrap/sys/stat.o
LOAD ./src/bsp/libwrap/sys/times.o
LOAD ./src/bsp/libwrap/sys/unlink.o
LOAD ./src/bsp/libwrap/sys/wait.o
LOAD ./src/bsp/libwrap/sys/write.o
LOAD ./src/bsp/libwrap/stdlib/malloc.o
LOAD ./src/bsp/libwrap/misc/write_hex.o
LOAD ./src/bsp/env/sifive_sum/init.o
LOAD ./src/bsp/env/entry.o
LOAD ./src/bsp/env/start.o
LOAD ./src/bsp/drivers/plic/plic_driver.o
LOAD ./src/bsp/drivers/fe300prci/fe300prci_driver.o
LOAD ./src/libpicojpeg.o
LOAD ./src/picojpeg_test.o
LOAD c:/users/vivek/appdata/local/ashling/riscfree_idev24.2.0-f/toolchain/riscv64-unknown-elf/bin/../lib/gcc/riscv64-unknown-elf/12.2.0/rv32imac/ilp32\libgcc.a
START GROUP
LOAD c:/users/vivek/appdata/local/ashling/riscfree_idev24.2.0-f/toolchain/riscv64-unknown-elf/bin/../lib/gcc/riscv64-unknown-elf/12.2.0/../../../../riscv64-unknown-elf/lib/rv32imac/ilp32\libc.a
LOAD c:/users/vivek/appdata/local/ashling/riscfree_idev24.2.0-f/toolchain/riscv64-unknown-elf/bin/../lib/gcc/riscv64-unknown-elf/12.2.0/../../../../riscv64-unknown-elf/lib/rv32imac/ilp32\libgloss.a
END GROUP
LOAD c:/users/vivek/appdata/local/ashling/riscfree_idev24.2.0-f/toolchain/riscv64-unknown-elf/bin/../lib/gcc/riscv64-unknown-elf/12.2.0/rv32imac/ilp32\libgcc.a
                0x0000000000000400                __stack_size = DEFINED (__stack_size)?__stack_size:0x400

.init           0x0000000080000000       0x6e
 *(SORT_NONE(.init))
 .init          0x0000000080000000       0x6e ./src/bsp/env/start.o
                0x0000000080000000                _start

.text           0x0000000080000070     0x8f64
 *(.text.unlikely .text.unlikely.*)
 *(.text.startup .text.startup.*)
 .text.startup  0x0000000080000070       0x14 c:/users/vivek/appdata/local/ashling/riscfree_idev24.2.0-f/toolchain/riscv64-unknown-elf/bin/../lib/gcc/riscv64-unknown-elf/12.2.0/../../../../riscv64-unknown-elf/lib/rv32imac/ilp32\libc.a(lib_a-__call_atexit.o)
 *(.text .text.*)
 .text          0x0000000080000084        0x0 ./src/support/beebsc.o
 .text.rand_beebs
                0x0000000080000084       0x3a ./src/support/beebsc.o
                0x0000000080000084                rand_beebs
 .text.srand_beebs
                0x00000000800000be       0x1a ./src/support/beebsc.o
                0x00000000800000be                srand_beebs
 .text.init_heap_beebs
                0x00000000800000d8       0x5c ./src/support/beebsc.o
                0x00000000800000d8                init_heap_beebs
 .text.check_heap_beebs
                0x0000000080000134       0x2c ./src/support/beebsc.o
                0x0000000080000134                check_heap_beebs
 .text.malloc_beebs
                0x0000000080000160       0xa4 ./src/support/beebsc.o
                0x0000000080000160                malloc_beebs
 .text.calloc_beebs
                0x0000000080000204       0x50 ./src/support/beebsc.o
                0x0000000080000204                calloc_beebs
 .text.realloc_beebs
                0x0000000080000254       0x70 ./src/support/beebsc.o
                0x0000000080000254                realloc_beebs
 .text.free_beebs
                0x00000000800002c4       0x12 ./src/support/beebsc.o
                0x00000000800002c4                free_beebs
 .text          0x00000000800002d6        0x0 ./src/support/board.o
 .text          0x00000000800002d6        0x0 ./src/support/chip.o
 .text.empty_func
                0x00000000800002d6        0xe ./src/support/chip.o
 .text          0x00000000800002e4        0x0 ./src/support/dummy-libm.o
 .text.acos     0x00000000800002e4       0x1c ./src/support/dummy-libm.o
                0x00000000800002e4                acos
 .text.atan     0x0000000080000300       0x1c ./src/support/dummy-libm.o
                0x0000000080000300                atan
 .text.cos      0x000000008000031c       0x1c ./src/support/dummy-libm.o
                0x000000008000031c                cos
 .text.sin      0x0000000080000338       0x1c ./src/support/dummy-libm.o
                0x0000000080000338                sin
 .text.pow      0x0000000080000354       0x24 ./src/support/dummy-libm.o
                0x0000000080000354                pow
 .text.sqrt     0x0000000080000378       0x1c ./src/support/dummy-libm.o
                0x0000000080000378                sqrt
 .text.sqrtf    0x0000000080000394       0x16 ./src/support/dummy-libm.o
                0x0000000080000394                sqrtf
 .text.floor    0x00000000800003aa       0x1c ./src/support/dummy-libm.o
                0x00000000800003aa                floor
 .text.floorf   0x00000000800003c6       0x16 ./src/support/dummy-libm.o
                0x00000000800003c6                floorf
 .text.exp      0x00000000800003dc       0x1c ./src/support/dummy-libm.o
                0x00000000800003dc                exp
 .text.log      0x00000000800003f8       0x1c ./src/support/dummy-libm.o
                0x00000000800003f8                log
 .text          0x0000000080000414        0x0 ./src/support/main.o
 .text.main     0x0000000080000414       0x48 ./src/support/main.o
                0x0000000080000414                main
 .text          0x000000008000045c        0x0 ./src/bsp/libwrap/sys/_exit.o
 .text.__wrap_exit
                0x000000008000045c       0x74 ./src/bsp/libwrap/sys/_exit.o
                0x000000008000045c                __wrap_exit
                0x000000008000045c                __wrap__exit
 .text          0x00000000800004d0        0x0 ./src/bsp/libwrap/sys/close.o
 .text._stub    0x00000000800004d0       0x14 ./src/bsp/libwrap/sys/close.o
 .text.__wrap_close
                0x00000000800004e4       0x1c ./src/bsp/libwrap/sys/close.o
                0x00000000800004e4                __wrap__close
                0x00000000800004e4                __wrap_close
 .text          0x0000000080000500        0x0 ./src/bsp/libwrap/sys/execve.o
 .text._stub    0x0000000080000500       0x14 ./src/bsp/libwrap/sys/execve.o
 .text.__wrap_execve
                0x0000000080000514       0x24 ./src/bsp/libwrap/sys/execve.o
                0x0000000080000514                __wrap__execve
                0x0000000080000514                __wrap_execve
 .text          0x0000000080000538        0x0 ./src/bsp/libwrap/sys/fork.o
 .text._stub    0x0000000080000538       0x14 ./src/bsp/libwrap/sys/fork.o
 .text.fork     0x000000008000054c       0x18 ./src/bsp/libwrap/sys/fork.o
                0x000000008000054c                fork
 .text          0x0000000080000564        0x0 ./src/bsp/libwrap/sys/fstat.o
 .text._stub    0x0000000080000564       0x14 ./src/bsp/libwrap/sys/fstat.o
 .text.__wrap_fstat
                0x0000000080000578       0x38 ./src/bsp/libwrap/sys/fstat.o
                0x0000000080000578                __wrap__fstat
                0x0000000080000578                __wrap_fstat
 .text          0x00000000800005b0        0x0 ./src/bsp/libwrap/sys/getpid.o
 .text.__wrap_getpid
                0x00000000800005b0       0x10 ./src/bsp/libwrap/sys/getpid.o
                0x00000000800005b0                __wrap__getpid
                0x00000000800005b0                __wrap_getpid
 .text          0x00000000800005c0        0x0 ./src/bsp/libwrap/sys/isatty.o
 .text.__wrap_isatty
                0x00000000800005c0       0x2c ./src/bsp/libwrap/sys/isatty.o
                0x00000000800005c0                __wrap__isatty
                0x00000000800005c0                __wrap_isatty
 .text          0x00000000800005ec        0x0 ./src/bsp/libwrap/sys/kill.o
 .text._stub    0x00000000800005ec       0x14 ./src/bsp/libwrap/sys/kill.o
 .text.__wrap_kill
                0x0000000080000600       0x20 ./src/bsp/libwrap/sys/kill.o
                0x0000000080000600                __wrap__kill
                0x0000000080000600                __wrap_kill
 .text          0x0000000080000620        0x0 ./src/bsp/libwrap/sys/link.o
 .text._stub    0x0000000080000620       0x14 ./src/bsp/libwrap/sys/link.o
 .text.__wrap_link
                0x0000000080000634       0x20 ./src/bsp/libwrap/sys/link.o
                0x0000000080000634                __wrap__link
                0x0000000080000634                __wrap_link
 .text          0x0000000080000654        0x0 ./src/bsp/libwrap/sys/lseek.o
 .text._stub    0x0000000080000654       0x14 ./src/bsp/libwrap/sys/lseek.o
 .text.__wrap_lseek
                0x0000000080000668       0x34 ./src/bsp/libwrap/sys/lseek.o
                0x0000000080000668                __wrap_lseek
                0x0000000080000668                __wrap__lseek
 .text          0x000000008000069c        0x0 ./src/bsp/libwrap/sys/open.o
 .text._stub    0x000000008000069c       0x14 ./src/bsp/libwrap/sys/open.o
 .text.__wrap_open
                0x00000000800006b0       0x24 ./src/bsp/libwrap/sys/open.o
                0x00000000800006b0                __wrap_open
                0x00000000800006b0                __wrap__open
 .text          0x00000000800006d4        0x0 ./src/bsp/libwrap/sys/openat.o
 .text._stub    0x00000000800006d4       0x14 ./src/bsp/libwrap/sys/openat.o
 .text.__wrap_openat
                0x00000000800006e8       0x28 ./src/bsp/libwrap/sys/openat.o
                0x00000000800006e8                __wrap_openat
                0x00000000800006e8                __wrap__openat
 .text          0x0000000080000710        0x0 ./src/bsp/libwrap/sys/puts.o
 .text.__wrap_puts
                0x0000000080000710       0x66 ./src/bsp/libwrap/sys/puts.o
                0x0000000080000710                __wrap_puts
                0x0000000080000710                __wrap__puts
 .text          0x0000000080000776        0x0 ./src/bsp/libwrap/sys/read.o
 .text._stub    0x0000000080000776       0x14 ./src/bsp/libwrap/sys/read.o
 .text.__wrap_read
                0x000000008000078a       0xa6 ./src/bsp/libwrap/sys/read.o
                0x000000008000078a                __wrap__read
                0x000000008000078a                __wrap_read
 .text          0x0000000080000830        0x0 ./src/bsp/libwrap/sys/sbrk.o
 .text.__wrap_sbrk
                0x0000000080000830       0x6a ./src/bsp/libwrap/sys/sbrk.o
                0x0000000080000830                __wrap__sbrk
                0x0000000080000830                __wrap_sbrk
 .text          0x000000008000089a        0x0 ./src/bsp/libwrap/sys/stat.o
 .text._stub    0x000000008000089a       0x14 ./src/bsp/libwrap/sys/stat.o
 .text.__wrap_stat
                0x00000000800008ae       0x20 ./src/bsp/libwrap/sys/stat.o
                0x00000000800008ae                __wrap__stat
                0x00000000800008ae                __wrap_stat
 .text          0x00000000800008ce        0x0 ./src/bsp/libwrap/sys/times.o
 .text._stub    0x00000000800008ce       0x14 ./src/bsp/libwrap/sys/times.o
 .text.__wrap_times
                0x00000000800008e2       0x1c ./src/bsp/libwrap/sys/times.o
                0x00000000800008e2                __wrap_times
                0x00000000800008e2                __wrap__times
 .text          0x00000000800008fe        0x0 ./src/bsp/libwrap/sys/unlink.o
 .text._stub    0x00000000800008fe       0x14 ./src/bsp/libwrap/sys/unlink.o
 .text.__wrap_unlink
                0x0000000080000912       0x1c ./src/bsp/libwrap/sys/unlink.o
                0x0000000080000912                __wrap__unlink
                0x0000000080000912                __wrap_unlink
 .text          0x000000008000092e        0x0 ./src/bsp/libwrap/sys/wait.o
 .text._stub    0x000000008000092e       0x14 ./src/bsp/libwrap/sys/wait.o
 .text.wait     0x0000000080000942       0x1c ./src/bsp/libwrap/sys/wait.o
                0x0000000080000942                wait
 .text          0x000000008000095e        0x0 ./src/bsp/libwrap/sys/write.o
 .text._stub    0x000000008000095e       0x14 ./src/bsp/libwrap/sys/write.o
 .text.__wrap_write
                0x0000000080000972       0xa2 ./src/bsp/libwrap/sys/write.o
                0x0000000080000972                __wrap__write
                0x0000000080000972                __wrap_write
 .text          0x0000000080000a14        0x0 ./src/bsp/libwrap/stdlib/malloc.o
 .text.__wrap_malloc
                0x0000000080000a14       0x36 ./src/bsp/libwrap/stdlib/malloc.o
                0x0000000080000a14                __wrap_malloc
 .text.__wrap_free
                0x0000000080000a4a       0x12 ./src/bsp/libwrap/stdlib/malloc.o
                0x0000000080000a4a                __wrap_free
 .text          0x0000000080000a5c        0x0 ./src/bsp/libwrap/misc/write_hex.o
 .text.write_hex
                0x0000000080000a5c       0xb2 ./src/bsp/libwrap/misc/write_hex.o
                0x0000000080000a5c                write_hex
 .text          0x0000000080000b0e        0x0 ./src/bsp/env/sifive_sum/init.o
 .text.get_cpu_freq
                0x0000000080000b0e       0x16 ./src/bsp/env/sifive_sum/init.o
                0x0000000080000b0e                get_cpu_freq
 .text.get_timer_freq
                0x0000000080000b24       0x16 ./src/bsp/env/sifive_sum/init.o
                0x0000000080000b24                get_timer_freq
 .text.get_timer_value
                0x0000000080000b3a       0x66 ./src/bsp/env/sifive_sum/init.o
                0x0000000080000b3a                get_timer_value
 .text.uart_init
                0x0000000080000ba0       0x44 ./src/bsp/env/sifive_sum/init.o
 .text.handle_trap
                0x0000000080000be4       0x2c ./src/bsp/env/sifive_sum/init.o
                0x0000000080000be4                handle_trap
 .text._init    0x0000000080000c10        0xe ./src/bsp/env/sifive_sum/init.o
                0x0000000080000c10                _init
 .text._fini    0x0000000080000c1e        0xe ./src/bsp/env/sifive_sum/init.o
                0x0000000080000c1e                _fini
 .text          0x0000000080000c2c        0x0 ./src/bsp/env/entry.o
 .text.entry    0x0000000080000c2c       0xa0 ./src/bsp/env/entry.o
                0x0000000080000c2c                trap_entry
 .text          0x0000000080000ccc        0x0 ./src/bsp/env/start.o
 .text          0x0000000080000ccc        0x0 ./src/bsp/drivers/plic/plic_driver.o
 .text.volatile_memzero
                0x0000000080000ccc       0x46 ./src/bsp/drivers/plic/plic_driver.o
                0x0000000080000ccc                volatile_memzero
 .text.PLIC_init
                0x0000000080000d12       0xa8 ./src/bsp/drivers/plic/plic_driver.o
                0x0000000080000d12                PLIC_init
 .text.PLIC_set_threshold
                0x0000000080000dba       0x48 ./src/bsp/drivers/plic/plic_driver.o
                0x0000000080000dba                PLIC_set_threshold
 .text.PLIC_enable_interrupt
                0x0000000080000e02       0x7c ./src/bsp/drivers/plic/plic_driver.o
                0x0000000080000e02                PLIC_enable_interrupt
 .text.PLIC_disable_interrupt
                0x0000000080000e7e       0x84 ./src/bsp/drivers/plic/plic_driver.o
                0x0000000080000e7e                PLIC_disable_interrupt
 .text.PLIC_set_priority
                0x0000000080000f02       0x3e ./src/bsp/drivers/plic/plic_driver.o
                0x0000000080000f02                PLIC_set_priority
 .text.PLIC_claim_interrupt
                0x0000000080000f40       0x42 ./src/bsp/drivers/plic/plic_driver.o
                0x0000000080000f40                PLIC_claim_interrupt
 .text.PLIC_complete_interrupt
                0x0000000080000f82       0x4a ./src/bsp/drivers/plic/plic_driver.o
                0x0000000080000f82                PLIC_complete_interrupt
 .text          0x0000000080000fcc        0x0 ./src/bsp/drivers/fe300prci/fe300prci_driver.o
 .text          0x0000000080000fcc        0x0 ./src/libpicojpeg.o
 .text.fillInBuf
                0x0000000080000fcc       0x5a ./src/libpicojpeg.o
 .text.getChar  0x0000000080001026       0x6c ./src/libpicojpeg.o
 .text.stuffChar
                0x0000000080001092       0x44 ./src/libpicojpeg.o
 .text.getOctet
                0x00000000800010d6       0x52 ./src/libpicojpeg.o
 .text.getBits  0x0000000080001128      0x174 ./src/libpicojpeg.o
 .text.getBits1
                0x000000008000129c       0x24 ./src/libpicojpeg.o
 .text.getBits2
                0x00000000800012c0       0x24 ./src/libpicojpeg.o
 .text.getBit   0x00000000800012e4       0x76 ./src/libpicojpeg.o
 .text.getExtendTest
                0x000000008000135a       0x82 ./src/libpicojpeg.o
 .text.getExtendOffset
                0x00000000800013dc       0x86 ./src/libpicojpeg.o
 .text.huffExtend
                0x0000000080001462       0x56 ./src/libpicojpeg.o
 .text.huffDecode
                0x00000000800014b8       0xd8 ./src/libpicojpeg.o
 .text.huffCreate
                0x0000000080001590      0x104 ./src/libpicojpeg.o
 .text.getHuffTable
                0x0000000080001694       0x54 ./src/libpicojpeg.o
 .text.getHuffVal
                0x00000000800016e8       0x54 ./src/libpicojpeg.o
 .text.getMaxHuffCodes
                0x000000008000173c       0x26 ./src/libpicojpeg.o
 .text.readDHTMarker
                0x0000000080001762      0x1a4 ./src/libpicojpeg.o
 .text.readDQTMarker
                0x0000000080001906      0x160 ./src/libpicojpeg.o
 .text.readSOFMarker
                0x0000000080001a66      0x14e ./src/libpicojpeg.o
 .text.skipVariableMarker
                0x0000000080001bb4       0x50 ./src/libpicojpeg.o
 .text.readDRIMarker
                0x0000000080001c04       0x36 ./src/libpicojpeg.o
 .text.readSOSMarker
                0x0000000080001c3a      0x186 ./src/libpicojpeg.o
 .text.nextMarker
                0x0000000080001dc0       0x5a ./src/libpicojpeg.o
 .text.processMarkers
                0x0000000080001e1a       0xf2 ./src/libpicojpeg.o
 .text.locateSOIMarker
                0x0000000080001f0c       0xbe ./src/libpicojpeg.o
 .text.locateSOFMarker
                0x0000000080001fca       0x8c ./src/libpicojpeg.o
 .text.locateSOSMarker
                0x0000000080002056       0x68 ./src/libpicojpeg.o
 .text.init     0x00000000800020be       0x52 ./src/libpicojpeg.o
 .text.fixInBuffer
                0x0000000080002110       0x4c ./src/libpicojpeg.o
 .text.processRestart
                0x000000008000215c       0xe0 ./src/libpicojpeg.o
 .text.checkHuffTables
                0x000000008000223c       0x92 ./src/libpicojpeg.o
 .text.checkQuantTables
                0x00000000800022ce       0x66 ./src/libpicojpeg.o
 .text.initScan
                0x0000000080002334       0x8c ./src/libpicojpeg.o
 .text.initFrame
                0x00000000800023c0      0x25e ./src/libpicojpeg.o
 .text.createWinogradQuant
                0x000000008000261e       0x84 ./src/libpicojpeg.o
 .text.imul_b1_b3
                0x00000000800026a2       0x3a ./src/libpicojpeg.o
 .text.imul_b2  0x00000000800026dc       0x3a ./src/libpicojpeg.o
 .text.imul_b4  0x0000000080002716       0x3a ./src/libpicojpeg.o
 .text.imul_b5  0x0000000080002750       0x3a ./src/libpicojpeg.o
 .text.clamp    0x000000008000278a       0x46 ./src/libpicojpeg.o
 .text.idctRows
                0x00000000800027d0      0x456 ./src/libpicojpeg.o
 .text.idctCols
                0x0000000080002c26      0x596 ./src/libpicojpeg.o
 .text.addAndClamp
                0x00000000800031bc       0x66 ./src/libpicojpeg.o
 .text.subAndClamp
                0x0000000080003222       0x68 ./src/libpicojpeg.o
 .text.upsampleCb
                0x000000008000328a      0x22a ./src/libpicojpeg.o
 .text.upsampleCbH
                0x00000000800034b4      0x18e ./src/libpicojpeg.o
 .text.upsampleCbV
                0x0000000080003642      0x198 ./src/libpicojpeg.o
 .text.upsampleCr
                0x00000000800037da      0x232 ./src/libpicojpeg.o
 .text.upsampleCrH
                0x0000000080003a0c      0x18e ./src/libpicojpeg.o
 .text.upsampleCrV
                0x0000000080003b9a      0x198 ./src/libpicojpeg.o
 .text.copyY    0x0000000080003d32       0xb2 ./src/libpicojpeg.o
 .text.convertCb
                0x0000000080003de4      0x10c ./src/libpicojpeg.o
 .text.convertCr
                0x0000000080003ef0      0x10c ./src/libpicojpeg.o
 .text.transformBlock
                0x0000000080003ffc      0x1ea ./src/libpicojpeg.o
 .text.transformBlockReduce
                0x00000000800041e6      0x952 ./src/libpicojpeg.o
 .text.decodeNextMCU
                0x0000000080004b38      0x468 ./src/libpicojpeg.o
 .text.pjpeg_decode_mcu
                0x0000000080004fa0       0x62 ./src/libpicojpeg.o
                0x0000000080004fa0                pjpeg_decode_mcu
 .text.pjpeg_decode_init
                0x0000000080005002      0x1b6 ./src/libpicojpeg.o
                0x0000000080005002                pjpeg_decode_init
 .text          0x00000000800051b8        0x0 ./src/picojpeg_test.o
 .text.pjpeg_need_bytes_callback
                0x00000000800051b8       0x78 ./src/picojpeg_test.o
                0x00000000800051b8                pjpeg_need_bytes_callback
 .text.verify_benchmark
                0x0000000080005230       0x6a ./src/picojpeg_test.o
                0x0000000080005230                verify_benchmark
 .text.initialise_benchmark
                0x000000008000529a        0xe ./src/picojpeg_test.o
                0x000000008000529a                initialise_benchmark
 .text.warm_caches
                0x00000000800052a8       0x20 ./src/picojpeg_test.o
                0x00000000800052a8                warm_caches
 .text.benchmark
                0x00000000800052c8       0x1a ./src/picojpeg_test.o
                0x00000000800052c8                benchmark
 .text.benchmark_body
                0x00000000800052e2       0x6a ./src/picojpeg_test.o
 .text          0x000000008000534c       0x4c c:/users/vivek/appdata/local/ashling/riscfree_idev24.2.0-f/toolchain/riscv64-unknown-elf/bin/../lib/gcc/riscv64-unknown-elf/12.2.0/../../../../riscv64-unknown-elf/lib/rv32imac/ilp32\libc.a(lib_a-assert.o)
                0x000000008000534c                __assert_func
                0x000000008000538e                __assert
 .text          0x0000000080005398        0xc c:/users/vivek/appdata/local/ashling/riscfree_idev24.2.0-f/toolchain/riscv64-unknown-elf/bin/../lib/gcc/riscv64-unknown-elf/12.2.0/../../../../riscv64-unknown-elf/lib/rv32imac/ilp32\libc.a(lib_a-atexit.o)
                0x0000000080005398                atexit
 .text          0x00000000800053a4       0x1e c:/users/vivek/appdata/local/ashling/riscfree_idev24.2.0-f/toolchain/riscv64-unknown-elf/bin/../lib/gcc/riscv64-unknown-elf/12.2.0/../../../../riscv64-unknown-elf/lib/rv32imac/ilp32\libc.a(lib_a-exit.o)
                0x00000000800053a4                exit
 .text          0x00000000800053c2       0x38 c:/users/vivek/appdata/local/ashling/riscfree_idev24.2.0-f/toolchain/riscv64-unknown-elf/bin/../lib/gcc/riscv64-unknown-elf/12.2.0/../../../../riscv64-unknown-elf/lib/rv32imac/ilp32\libc.a(lib_a-fini.o)
                0x00000000800053c2                __libc_fini_array
 .text          0x00000000800053fa       0x4a c:/users/vivek/appdata/local/ashling/riscfree_idev24.2.0-f/toolchain/riscv64-unknown-elf/bin/../lib/gcc/riscv64-unknown-elf/12.2.0/../../../../riscv64-unknown-elf/lib/rv32imac/ilp32\libc.a(lib_a-fiprintf.o)
                0x00000000800053fa                _fiprintf_r
                0x0000000080005418                fiprintf
 .text          0x0000000080005444        0x0 c:/users/vivek/appdata/local/ashling/riscfree_idev24.2.0-f/toolchain/riscv64-unknown-elf/bin/../lib/gcc/riscv64-unknown-elf/12.2.0/../../../../riscv64-unknown-elf/lib/rv32imac/ilp32\libc.a(lib_a-impure.o)
 .text          0x0000000080005444       0x6a c:/users/vivek/appdata/local/ashling/riscfree_idev24.2.0-f/toolchain/riscv64-unknown-elf/bin/../lib/gcc/riscv64-unknown-elf/12.2.0/../../../../riscv64-unknown-elf/lib/rv32imac/ilp32\libc.a(lib_a-init.o)
                0x0000000080005444                __libc_init_array
 .text          0x00000000800054ae       0x52 c:/users/vivek/appdata/local/ashling/riscfree_idev24.2.0-f/toolchain/riscv64-unknown-elf/bin/../lib/gcc/riscv64-unknown-elf/12.2.0/../../../../riscv64-unknown-elf/lib/rv32imac/ilp32\libc.a(lib_a-memcmp.o)
                0x00000000800054ae                memcmp
 .text          0x0000000080005500      0x146 c:/users/vivek/appdata/local/ashling/riscfree_idev24.2.0-f/toolchain/riscv64-unknown-elf/bin/../lib/gcc/riscv64-unknown-elf/12.2.0/../../../../riscv64-unknown-elf/lib/rv32imac/ilp32\libc.a(lib_a-memcpy.o)
                0x0000000080005500                memcpy
 .text          0x0000000080005646       0xa8 c:/users/vivek/appdata/local/ashling/riscfree_idev24.2.0-f/toolchain/riscv64-unknown-elf/bin/../lib/gcc/riscv64-unknown-elf/12.2.0/../../../../riscv64-unknown-elf/lib/rv32imac/ilp32\libc.a(lib_a-memset.o)
                0x0000000080005646                memset
 .text          0x00000000800056ee        0x4 c:/users/vivek/appdata/local/ashling/riscfree_idev24.2.0-f/toolchain/riscv64-unknown-elf/bin/../lib/gcc/riscv64-unknown-elf/12.2.0/../../../../riscv64-unknown-elf/lib/rv32imac/ilp32\libc.a(lib_a-sysisatty.o)
                0x00000000800056ee                isatty
 .text          0x00000000800056f2        0xe c:/users/vivek/appdata/local/ashling/riscfree_idev24.2.0-f/toolchain/riscv64-unknown-elf/bin/../lib/gcc/riscv64-unknown-elf/12.2.0/../../../../riscv64-unknown-elf/lib/rv32imac/ilp32\libc.a(lib_a-syssbrk.o)
                0x00000000800056f2                sbrk
 .text          0x0000000080005700       0x12 c:/users/vivek/appdata/local/ashling/riscfree_idev24.2.0-f/toolchain/riscv64-unknown-elf/bin/../lib/gcc/riscv64-unknown-elf/12.2.0/../../../../riscv64-unknown-elf/lib/rv32imac/ilp32\libc.a(lib_a-syswrite.o)
                0x0000000080005700                write
 .text          0x0000000080005712      0xf36 c:/users/vivek/appdata/local/ashling/riscfree_idev24.2.0-f/toolchain/riscv64-unknown-elf/bin/../lib/gcc/riscv64-unknown-elf/12.2.0/../../../../riscv64-unknown-elf/lib/rv32imac/ilp32\libc.a(lib_a-vfiprintf.o)
                0x00000000800057aa                __sprint_r
                0x00000000800057b8                _vfiprintf_r
                0x00000000800065a2                vfiprintf
 .text          0x0000000080006648       0x36 c:/users/vivek/appdata/local/ashling/riscfree_idev24.2.0-f/toolchain/riscv64-unknown-elf/bin/../lib/gcc/riscv64-unknown-elf/12.2.0/../../../../riscv64-unknown-elf/lib/rv32imac/ilp32\libc.a(lib_a-writer.o)
                0x0000000080006648                _write_r
 .text          0x000000008000667e       0xde c:/users/vivek/appdata/local/ashling/riscfree_idev24.2.0-f/toolchain/riscv64-unknown-elf/bin/../lib/gcc/riscv64-unknown-elf/12.2.0/../../../../riscv64-unknown-elf/lib/rv32imac/ilp32\libc.a(lib_a-wsetup.o)
                0x000000008000667e                __swsetup_r
 .text          0x000000008000675c       0x6c c:/users/vivek/appdata/local/ashling/riscfree_idev24.2.0-f/toolchain/riscv64-unknown-elf/bin/../lib/gcc/riscv64-unknown-elf/12.2.0/../../../../riscv64-unknown-elf/lib/rv32imac/ilp32\libc.a(lib_a-__atexit.o)
                0x000000008000675c                __register_exitproc
 .text          0x00000000800067c8       0xbe c:/users/vivek/appdata/local/ashling/riscfree_idev24.2.0-f/toolchain/riscv64-unknown-elf/bin/../lib/gcc/riscv64-unknown-elf/12.2.0/../../../../riscv64-unknown-elf/lib/rv32imac/ilp32\libc.a(lib_a-__call_atexit.o)
                0x00000000800067c8                __call_exitprocs
 .text          0x0000000080006886       0x10 c:/users/vivek/appdata/local/ashling/riscfree_idev24.2.0-f/toolchain/riscv64-unknown-elf/bin/../lib/gcc/riscv64-unknown-elf/12.2.0/../../../../riscv64-unknown-elf/lib/rv32imac/ilp32\libc.a(lib_a-abort.o)
                0x0000000080006886                abort
 .text          0x0000000080006896      0x204 c:/users/vivek/appdata/local/ashling/riscfree_idev24.2.0-f/toolchain/riscv64-unknown-elf/bin/../lib/gcc/riscv64-unknown-elf/12.2.0/../../../../riscv64-unknown-elf/lib/rv32imac/ilp32\libc.a(lib_a-fflush.o)
                0x0000000080006896                __sflush_r
                0x0000000080006a16                _fflush_r
                0x0000000080006a4a                fflush
 .text          0x0000000080006a9a      0x2aa c:/users/vivek/appdata/local/ashling/riscfree_idev24.2.0-f/toolchain/riscv64-unknown-elf/bin/../lib/gcc/riscv64-unknown-elf/12.2.0/../../../../riscv64-unknown-elf/lib/rv32imac/ilp32\libc.a(lib_a-findfp.o)
                0x0000000080006a9e                _cleanup_r
                0x0000000080006be2                __sfmoreglue
                0x0000000080006c2a                __sfp
                0x0000000080006cfe                _cleanup
                0x0000000080006d0e                __sinit
                0x0000000080006d16                __sfp_lock_acquire
                0x0000000080006d18                __sfp_lock_release
                0x0000000080006d1a                __sinit_lock_acquire
                0x0000000080006d1c                __sinit_lock_release
                0x0000000080006d1e                __fp_lock_all
                0x0000000080006d32                __fp_unlock_all
 .text          0x0000000080006d44      0x10e c:/users/vivek/appdata/local/ashling/riscfree_idev24.2.0-f/toolchain/riscv64-unknown-elf/bin/../lib/gcc/riscv64-unknown-elf/12.2.0/../../../../riscv64-unknown-elf/lib/rv32imac/ilp32\libc.a(lib_a-fputwc.o)
                0x0000000080006d44                __fputwc
                0x0000000080006de6                _fputwc_r
                0x0000000080006e04                fputwc
 .text          0x0000000080006e52      0x2fc c:/users/vivek/appdata/local/ashling/riscfree_idev24.2.0-f/toolchain/riscv64-unknown-elf/bin/../lib/gcc/riscv64-unknown-elf/12.2.0/../../../../riscv64-unknown-elf/lib/rv32imac/ilp32\libc.a(lib_a-freer.o)
                0x0000000080006e52                _malloc_trim_r
                0x0000000080006f22                _free_r
 .text          0x000000008000714e      0x31e c:/users/vivek/appdata/local/ashling/riscfree_idev24.2.0-f/toolchain/riscv64-unknown-elf/bin/../lib/gcc/riscv64-unknown-elf/12.2.0/../../../../riscv64-unknown-elf/lib/rv32imac/ilp32\libc.a(lib_a-fvwrite.o)
                0x000000008000714e                __sfvwrite_r
 .text          0x000000008000746c       0xe0 c:/users/vivek/appdata/local/ashling/riscfree_idev24.2.0-f/toolchain/riscv64-unknown-elf/bin/../lib/gcc/riscv64-unknown-elf/12.2.0/../../../../riscv64-unknown-elf/lib/rv32imac/ilp32\libc.a(lib_a-fwalk.o)
                0x000000008000746c                _fwalk
                0x00000000800074d8                _fwalk_reent
 .text          0x000000008000754c       0xba c:/users/vivek/appdata/local/ashling/riscfree_idev24.2.0-f/toolchain/riscv64-unknown-elf/bin/../lib/gcc/riscv64-unknown-elf/12.2.0/../../../../riscv64-unknown-elf/lib/rv32imac/ilp32\libc.a(lib_a-locale.o)
                0x000000008000754c                _setlocale_r
                0x00000000800075a4                __locale_mb_cur_max
                0x00000000800075ae                setlocale
 .text          0x0000000080007606       0x1a c:/users/vivek/appdata/local/ashling/riscfree_idev24.2.0-f/toolchain/riscv64-unknown-elf/bin/../lib/gcc/riscv64-unknown-elf/12.2.0/../../../../riscv64-unknown-elf/lib/rv32imac/ilp32\libc.a(lib_a-localeconv.o)
                0x0000000080007606                __localeconv_l
                0x000000008000760c                _localeconv_r
                0x0000000080007616                localeconv
 .text          0x0000000080007620      0x194 c:/users/vivek/appdata/local/ashling/riscfree_idev24.2.0-f/toolchain/riscv64-unknown-elf/bin/../lib/gcc/riscv64-unknown-elf/12.2.0/../../../../riscv64-unknown-elf/lib/rv32imac/ilp32\libc.a(lib_a-makebuf.o)
                0x0000000080007620                __smakebuf_r
                0x000000008000772c                __swhatbuf_r
 .text          0x00000000800077b4      0x594 c:/users/vivek/appdata/local/ashling/riscfree_idev24.2.0-f/toolchain/riscv64-unknown-elf/bin/../lib/gcc/riscv64-unknown-elf/12.2.0/../../../../riscv64-unknown-elf/lib/rv32imac/ilp32\libc.a(lib_a-mallocr.o)
                0x00000000800077b4                _malloc_r
 .text          0x0000000080007d48       0x4a c:/users/vivek/appdata/local/ashling/riscfree_idev24.2.0-f/toolchain/riscv64-unknown-elf/bin/../lib/gcc/riscv64-unknown-elf/12.2.0/../../../../riscv64-unknown-elf/lib/rv32imac/ilp32\libc.a(lib_a-mbtowc_r.o)
                0x0000000080007d48                _mbtowc_r
                0x0000000080007d52                __ascii_mbtowc
 .text          0x0000000080007d92       0x90 c:/users/vivek/appdata/local/ashling/riscfree_idev24.2.0-f/toolchain/riscv64-unknown-elf/bin/../lib/gcc/riscv64-unknown-elf/12.2.0/../../../../riscv64-unknown-elf/lib/rv32imac/ilp32\libc.a(lib_a-memchr.o)
                0x0000000080007d92                memchr
 .text          0x0000000080007e22       0xd2 c:/users/vivek/appdata/local/ashling/riscfree_idev24.2.0-f/toolchain/riscv64-unknown-elf/bin/../lib/gcc/riscv64-unknown-elf/12.2.0/../../../../riscv64-unknown-elf/lib/rv32imac/ilp32\libc.a(lib_a-memmove-stub.o)
                0x0000000080007e22                memmove
 .text          0x0000000080007ef4        0x4 c:/users/vivek/appdata/local/ashling/riscfree_idev24.2.0-f/toolchain/riscv64-unknown-elf/bin/../lib/gcc/riscv64-unknown-elf/12.2.0/../../../../riscv64-unknown-elf/lib/rv32imac/ilp32\libc.a(lib_a-mlock.o)
                0x0000000080007ef4                __malloc_lock
                0x0000000080007ef6                __malloc_unlock
 .text          0x0000000080007ef8      0x3d0 c:/users/vivek/appdata/local/ashling/riscfree_idev24.2.0-f/toolchain/riscv64-unknown-elf/bin/../lib/gcc/riscv64-unknown-elf/12.2.0/../../../../riscv64-unknown-elf/lib/rv32imac/ilp32\libc.a(lib_a-reallocr.o)
                0x0000000080007ef8                _realloc_r
 .text          0x00000000800082c8      0x112 c:/users/vivek/appdata/local/ashling/riscfree_idev24.2.0-f/toolchain/riscv64-unknown-elf/bin/../lib/gcc/riscv64-unknown-elf/12.2.0/../../../../riscv64-unknown-elf/lib/rv32imac/ilp32\libc.a(lib_a-reent.o)
                0x00000000800082c8                cleanup_glue
                0x0000000080008328                _reclaim_reent
 .text          0x00000000800083da       0x30 c:/users/vivek/appdata/local/ashling/riscfree_idev24.2.0-f/toolchain/riscv64-unknown-elf/bin/../lib/gcc/riscv64-unknown-elf/12.2.0/../../../../riscv64-unknown-elf/lib/rv32imac/ilp32\libc.a(lib_a-sbrkr.o)
                0x00000000800083da                _sbrk_r
 .text          0x000000008000840a      0x32e c:/users/vivek/appdata/local/ashling/riscfree_idev24.2.0-f/toolchain/riscv64-unknown-elf/bin/../lib/gcc/riscv64-unknown-elf/12.2.0/../../../../riscv64-unknown-elf/lib/rv32imac/ilp32\libc.a(lib_a-signal.o)
                0x000000008000840a                _init_signal_r
                0x0000000080008446                _signal_r
                0x000000008000849e                _raise_r
                0x000000008000850c                __sigtramp_r
                0x0000000080008594                raise
                0x0000000080008606                signal
                0x000000008000866a                _init_signal
                0x00000000800086ac                __sigtramp
 .text          0x0000000080008738       0x34 c:/users/vivek/appdata/local/ashling/riscfree_idev24.2.0-f/toolchain/riscv64-unknown-elf/bin/../lib/gcc/riscv64-unknown-elf/12.2.0/../../../../riscv64-unknown-elf/lib/rv32imac/ilp32\libc.a(lib_a-signalr.o)
                0x0000000080008738                _kill_r
                0x000000008000876a                _getpid_r
 .text          0x000000008000876c       0xda c:/users/vivek/appdata/local/ashling/riscfree_idev24.2.0-f/toolchain/riscv64-unknown-elf/bin/../lib/gcc/riscv64-unknown-elf/12.2.0/../../../../riscv64-unknown-elf/lib/rv32imac/ilp32\libc.a(lib_a-stdio.o)
                0x000000008000876c                __sread
                0x00000000800087a2                __seofread
                0x00000000800087a6                __swrite
                0x00000000800087f8                __sseek
                0x0000000080008840                __sclose
 .text          0x0000000080008846      0x11e c:/users/vivek/appdata/local/ashling/riscfree_idev24.2.0-f/toolchain/riscv64-unknown-elf/bin/../lib/gcc/riscv64-unknown-elf/12.2.0/../../../../riscv64-unknown-elf/lib/rv32imac/ilp32\libc.a(lib_a-strcmp.o)
                0x0000000080008846                strcmp
 .text          0x0000000080008964       0x64 c:/users/vivek/appdata/local/ashling/riscfree_idev24.2.0-f/toolchain/riscv64-unknown-elf/bin/../lib/gcc/riscv64-unknown-elf/12.2.0/../../../../riscv64-unknown-elf/lib/rv32imac/ilp32\libc.a(lib_a-strlen.o)
                0x0000000080008964                strlen
 .text          0x00000000800089c8       0x7c c:/users/vivek/appdata/local/ashling/riscfree_idev24.2.0-f/toolchain/riscv64-unknown-elf/bin/../lib/gcc/riscv64-unknown-elf/12.2.0/../../../../riscv64-unknown-elf/lib/rv32imac/ilp32\libc.a(lib_a-strncpy.o)
                0x00000000800089c8                strncpy
 .text          0x0000000080008a44      0x100 c:/users/vivek/appdata/local/ashling/riscfree_idev24.2.0-f/toolchain/riscv64-unknown-elf/bin/../lib/gcc/riscv64-unknown-elf/12.2.0/../../../../riscv64-unknown-elf/lib/rv32imac/ilp32\libc.a(lib_a-wbuf.o)
                0x0000000080008a44                __swbuf_r
                0x0000000080008b36                __swbuf
 .text          0x0000000080008b44       0xa2 c:/users/vivek/appdata/local/ashling/riscfree_idev24.2.0-f/toolchain/riscv64-unknown-elf/bin/../lib/gcc/riscv64-unknown-elf/12.2.0/../../../../riscv64-unknown-elf/lib/rv32imac/ilp32\libc.a(lib_a-wcrtomb.o)
                0x0000000080008b44                _wcrtomb_r
                0x0000000080008b8c                wcrtomb
 .text          0x0000000080008be6       0x2a c:/users/vivek/appdata/local/ashling/riscfree_idev24.2.0-f/toolchain/riscv64-unknown-elf/bin/../lib/gcc/riscv64-unknown-elf/12.2.0/../../../../riscv64-unknown-elf/lib/rv32imac/ilp32\libc.a(lib_a-wctomb_r.o)
                0x0000000080008be6                _wctomb_r
                0x0000000080008bf0                __ascii_wctomb
 .text          0x0000000080008c10       0x2e c:/users/vivek/appdata/local/ashling/riscfree_idev24.2.0-f/toolchain/riscv64-unknown-elf/bin/../lib/gcc/riscv64-unknown-elf/12.2.0/../../../../riscv64-unknown-elf/lib/rv32imac/ilp32\libc.a(lib_a-closer.o)
                0x0000000080008c10                _close_r
 .text          0x0000000080008c3e        0x0 c:/users/vivek/appdata/local/ashling/riscfree_idev24.2.0-f/toolchain/riscv64-unknown-elf/bin/../lib/gcc/riscv64-unknown-elf/12.2.0/../../../../riscv64-unknown-elf/lib/rv32imac/ilp32\libc.a(lib_a-ctype_.o)
 .text          0x0000000080008c3e       0xba c:/users/vivek/appdata/local/ashling/riscfree_idev24.2.0-f/toolchain/riscv64-unknown-elf/bin/../lib/gcc/riscv64-unknown-elf/12.2.0/../../../../riscv64-unknown-elf/lib/rv32imac/ilp32\libc.a(lib_a-fclose.o)
                0x0000000080008c3e                _fclose_r
                0x0000000080008cec                fclose
 .text          0x0000000080008cf8       0x32 c:/users/vivek/appdata/local/ashling/riscfree_idev24.2.0-f/toolchain/riscv64-unknown-elf/bin/../lib/gcc/riscv64-unknown-elf/12.2.0/../../../../riscv64-unknown-elf/lib/rv32imac/ilp32\libc.a(lib_a-fstatr.o)
                0x0000000080008cf8                _fstat_r
 .text          0x0000000080008d2a       0x2e c:/users/vivek/appdata/local/ashling/riscfree_idev24.2.0-f/toolchain/riscv64-unknown-elf/bin/../lib/gcc/riscv64-unknown-elf/12.2.0/../../../../riscv64-unknown-elf/lib/rv32imac/ilp32\libc.a(lib_a-isattyr.o)
                0x0000000080008d2a                _isatty_r
 .text          0x0000000080008d58       0x34 c:/users/vivek/appdata/local/ashling/riscfree_idev24.2.0-f/toolchain/riscv64-unknown-elf/bin/../lib/gcc/riscv64-unknown-elf/12.2.0/../../../../riscv64-unknown-elf/lib/rv32imac/ilp32\libc.a(lib_a-lseekr.o)
                0x0000000080008d58                _lseek_r
 .text          0x0000000080008d8c       0x34 c:/users/vivek/appdata/local/ashling/riscfree_idev24.2.0-f/toolchain/riscv64-unknown-elf/bin/../lib/gcc/riscv64-unknown-elf/12.2.0/../../../../riscv64-unknown-elf/lib/rv32imac/ilp32\libc.a(lib_a-readr.o)
                0x0000000080008d8c                _read_r
 .text          0x0000000080008dc0       0x2a c:/users/vivek/appdata/local/ashling/riscfree_idev24.2.0-f/toolchain/riscv64-unknown-elf/bin/../lib/gcc/riscv64-unknown-elf/12.2.0/../../../../riscv64-unknown-elf/lib/rv32imac/ilp32\libgloss.a(sys_close.o)
                0x0000000080008dc0                _close
 .text          0x0000000080008dea       0x20 c:/users/vivek/appdata/local/ashling/riscfree_idev24.2.0-f/toolchain/riscv64-unknown-elf/bin/../lib/gcc/riscv64-unknown-elf/12.2.0/../../../../riscv64-unknown-elf/lib/rv32imac/ilp32\libgloss.a(sys_exit.o)
                0x0000000080008dea                _exit
 .text          0x0000000080008e0a       0x38 c:/users/vivek/appdata/local/ashling/riscfree_idev24.2.0-f/toolchain/riscv64-unknown-elf/bin/../lib/gcc/riscv64-unknown-elf/12.2.0/../../../../riscv64-unknown-elf/lib/rv32imac/ilp32\libgloss.a(sys_fstat.o)
                0x0000000080008e0a                _fstat
 .text          0x0000000080008e42        0x4 c:/users/vivek/appdata/local/ashling/riscfree_idev24.2.0-f/toolchain/riscv64-unknown-elf/bin/../lib/gcc/riscv64-unknown-elf/12.2.0/../../../../riscv64-unknown-elf/lib/rv32imac/ilp32\libgloss.a(sys_getpid.o)
                0x0000000080008e42                _getpid
 .text          0x0000000080008e46       0x24 c:/users/vivek/appdata/local/ashling/riscfree_idev24.2.0-f/toolchain/riscv64-unknown-elf/bin/../lib/gcc/riscv64-unknown-elf/12.2.0/../../../../riscv64-unknown-elf/lib/rv32imac/ilp32\libgloss.a(sys_isatty.o)
                0x0000000080008e46                _isatty
 .text          0x0000000080008e6a       0x12 c:/users/vivek/appdata/local/ashling/riscfree_idev24.2.0-f/toolchain/riscv64-unknown-elf/bin/../lib/gcc/riscv64-unknown-elf/12.2.0/../../../../riscv64-unknown-elf/lib/rv32imac/ilp32\libgloss.a(sys_kill.o)
                0x0000000080008e6a                _kill
 .text          0x0000000080008e7c       0x2a c:/users/vivek/appdata/local/ashling/riscfree_idev24.2.0-f/toolchain/riscv64-unknown-elf/bin/../lib/gcc/riscv64-unknown-elf/12.2.0/../../../../riscv64-unknown-elf/lib/rv32imac/ilp32\libgloss.a(sys_lseek.o)
                0x0000000080008e7c                _lseek
 .text          0x0000000080008ea6       0x2a c:/users/vivek/appdata/local/ashling/riscfree_idev24.2.0-f/toolchain/riscv64-unknown-elf/bin/../lib/gcc/riscv64-unknown-elf/12.2.0/../../../../riscv64-unknown-elf/lib/rv32imac/ilp32\libgloss.a(sys_read.o)
                0x0000000080008ea6                _read
 .text          0x0000000080008ed0       0x4e c:/users/vivek/appdata/local/ashling/riscfree_idev24.2.0-f/toolchain/riscv64-unknown-elf/bin/../lib/gcc/riscv64-unknown-elf/12.2.0/../../../../riscv64-unknown-elf/lib/rv32imac/ilp32\libgloss.a(sys_sbrk.o)
                0x0000000080008ed0                _sbrk
 .text          0x0000000080008f1e       0x2a c:/users/vivek/appdata/local/ashling/riscfree_idev24.2.0-f/toolchain/riscv64-unknown-elf/bin/../lib/gcc/riscv64-unknown-elf/12.2.0/../../../../riscv64-unknown-elf/lib/rv32imac/ilp32\libgloss.a(sys_write.o)
                0x0000000080008f1e                _write
 .text          0x0000000080008f48       0x82 c:/users/vivek/appdata/local/ashling/riscfree_idev24.2.0-f/toolchain/riscv64-unknown-elf/bin/../lib/gcc/riscv64-unknown-elf/12.2.0/../../../../riscv64-unknown-elf/lib/rv32imac/ilp32\libgloss.a(sys_conv_stat.o)
                0x0000000080008f48                _conv_stat
 .text          0x0000000080008fca        0xa c:/users/vivek/appdata/local/ashling/riscfree_idev24.2.0-f/toolchain/riscv64-unknown-elf/bin/../lib/gcc/riscv64-unknown-elf/12.2.0/../../../../riscv64-unknown-elf/lib/rv32imac/ilp32\libc.a(lib_a-errno.o)
                0x0000000080008fca                __errno
 *(.gnu.linkonce.t.*)

.fini
 *(SORT_NONE(.fini))
                [!provide]                        PROVIDE (__etext = .)
                [!provide]                        PROVIDE (_etext = .)
                [!provide]                        PROVIDE (etext = .)

.rodata         0x0000000080008fd4      0x7e5
 *(.rdata)
 *(.rodata .rodata.*)
 .rodata        0x0000000080008fd4       0x38 ./src/support/beebsc.o
 .rodata.__func__.0
                0x000000008000900c       0x10 ./src/support/beebsc.o
 .rodata        0x000000008000901c       0x22 ./src/bsp/libwrap/sys/_exit.o
 *fill*         0x000000008000903e        0x2 
 .rodata        0x0000000080009040        0x3 ./src/bsp/libwrap/misc/write_hex.o
 *fill*         0x0000000080009043        0x1 
 .rodata        0x0000000080009044       0x11 ./src/bsp/env/sifive_sum/init.o
 *fill*         0x0000000080009055        0x3 
 .rodata.ZAG    0x0000000080009058       0x40 ./src/libpicojpeg.o
 .rodata.getExtendTest
                0x0000000080009098       0x40 ./src/libpicojpeg.o
 .rodata.getExtendOffset
                0x00000000800090d8       0x40 ./src/libpicojpeg.o
 .rodata.gWinogradQuant
                0x0000000080009118       0x40 ./src/libpicojpeg.o
                0x0000000080009118                gWinogradQuant
 .rodata.transformBlock
                0x0000000080009158       0x2c ./src/libpicojpeg.o
 .rodata.transformBlockReduce
                0x0000000080009184       0x2c ./src/libpicojpeg.o
 .rodata.jpeg_data
                0x00000000800091b0      0x23a ./src/picojpeg_test.o
                0x00000000800091b0                jpeg_data
 *fill*         0x00000000800093ea        0x2 
 .rodata.r_ref.2
                0x00000000800093ec       0x40 ./src/picojpeg_test.o
 .rodata.g_ref.1
                0x000000008000942c       0x40 ./src/picojpeg_test.o
 .rodata.b_ref.0
                0x000000008000946c       0x40 ./src/picojpeg_test.o
 .rodata.str1.4
                0x00000000800094ac       0x3f c:/users/vivek/appdata/local/ashling/riscfree_idev24.2.0-f/toolchain/riscv64-unknown-elf/bin/../lib/gcc/riscv64-unknown-elf/12.2.0/../../../../riscv64-unknown-elf/lib/rv32imac/ilp32\libc.a(lib_a-assert.o)
                                         0x43 (size before relaxing)
 *fill*         0x00000000800094eb        0x1 
 .rodata.str1.4
                0x00000000800094ec       0x2f c:/users/vivek/appdata/local/ashling/riscfree_idev24.2.0-f/toolchain/riscv64-unknown-elf/bin/../lib/gcc/riscv64-unknown-elf/12.2.0/../../../../riscv64-unknown-elf/lib/rv32imac/ilp32\libc.a(lib_a-vfiprintf.o)
 *fill*         0x000000008000951b        0x1 
 .rodata        0x000000008000951c      0x18c c:/users/vivek/appdata/local/ashling/riscfree_idev24.2.0-f/toolchain/riscv64-unknown-elf/bin/../lib/gcc/riscv64-unknown-elf/12.2.0/../../../../riscv64-unknown-elf/lib/rv32imac/ilp32\libc.a(lib_a-vfiprintf.o)
 .rodata.str1.4
                0x00000000800096a8        0xe c:/users/vivek/appdata/local/ashling/riscfree_idev24.2.0-f/toolchain/riscv64-unknown-elf/bin/../lib/gcc/riscv64-unknown-elf/12.2.0/../../../../riscv64-unknown-elf/lib/rv32imac/ilp32\libc.a(lib_a-locale.o)
                                         0x12 (size before relaxing)
 *fill*         0x00000000800096b6        0x2 
 .rodata        0x00000000800096b8      0x101 c:/users/vivek/appdata/local/ashling/riscfree_idev24.2.0-f/toolchain/riscv64-unknown-elf/bin/../lib/gcc/riscv64-unknown-elf/12.2.0/../../../../riscv64-unknown-elf/lib/rv32imac/ilp32\libc.a(lib_a-ctype_.o)
                0x00000000800096b8                _ctype_
 *(.gnu.linkonce.r.*)

.eh_frame       0x00000000800097bc       0x2c
 .eh_frame      0x00000000800097bc       0x2c ./src/bsp/env/start.o

.rela.dyn       0x00000000800097e8        0x0
 .rela.text.__wrap_sbrk
                0x00000000800097e8        0x0 ./src/support/beebsc.o
 .rela.sdata.curbrk.0
                0x00000000800097e8        0x0 ./src/support/beebsc.o
 .rela.init     0x00000000800097e8        0x0 ./src/support/beebsc.o
 .rela.text     0x00000000800097e8        0x0 ./src/support/beebsc.o
 .rela.text.startup
                0x00000000800097e8        0x0 ./src/support/beebsc.o
                0x00000000800097e8                . = ALIGN (0x4)

.preinit_array  0x00000000800097e8        0x0
                0x00000000800097e8                PROVIDE (__preinit_array_start = .)
 *(.preinit_array)
                0x00000000800097e8                PROVIDE (__preinit_array_end = .)

.init_array     0x00000000800097e8        0x4
                0x00000000800097e8                PROVIDE (__init_array_start = .)
 *(SORT_BY_INIT_PRIORITY(.init_array.*) SORT_BY_INIT_PRIORITY(.ctors.*))
 .init_array.00000
                0x00000000800097e8        0x4 c:/users/vivek/appdata/local/ashling/riscfree_idev24.2.0-f/toolchain/riscv64-unknown-elf/bin/../lib/gcc/riscv64-unknown-elf/12.2.0/../../../../riscv64-unknown-elf/lib/rv32imac/ilp32\libc.a(lib_a-__call_atexit.o)
 *(.init_array EXCLUDE_FILE(*crtend?.o *crtend.o *crtbegin?.o *crtbegin.o) .ctors)
                0x00000000800097ec                PROVIDE (__init_array_end = .)

.fini_array     0x00000000800097ec        0x0
                0x00000000800097ec                PROVIDE (__fini_array_start = .)
 *(SORT_BY_INIT_PRIORITY(.fini_array.*) SORT_BY_INIT_PRIORITY(.dtors.*))
 *(.fini_array EXCLUDE_FILE(*crtend?.o *crtend.o *crtbegin?.o *crtbegin.o) .dtors)
                0x00000000800097ec                PROVIDE (__fini_array_end = .)

.ctors
 *crtbegin.o(.ctors)
 *crtbegin?.o(.ctors)
 *(EXCLUDE_FILE(*crtend?.o *crtend.o) .ctors)
 *(SORT_BY_NAME(.ctors.*))
 *(.ctors)

.dtors
 *crtbegin.o(.dtors)
 *crtbegin?.o(.dtors)
 *(EXCLUDE_FILE(*crtend?.o *crtend.o) .dtors)
 *(SORT_BY_NAME(.dtors.*))
 *(.dtors)

.lalign         0x00000000800097ec        0x0
                0x00000000800097ec                . = ALIGN (0x4)
                0x00000000800097ec                PROVIDE (_data_lma = .)

.dalign         0x00000000800097ec        0x0
                0x00000000800097ec                . = ALIGN (0x4)
                0x00000000800097ec                PROVIDE (_data = .)

.data           0x00000000800097f0      0x9b4
 *(.data .data.*)
 .data          0x00000000800097f0        0x0 ./src/support/beebsc.o
 .data          0x00000000800097f0        0x0 ./src/support/board.o
 .data          0x00000000800097f0        0x0 ./src/support/chip.o
 .data          0x00000000800097f0        0x0 ./src/support/dummy-libm.o
 .data          0x00000000800097f0        0x0 ./src/support/main.o
 .data          0x00000000800097f0        0x0 ./src/bsp/libwrap/sys/_exit.o
 .data          0x00000000800097f0        0x0 ./src/bsp/libwrap/sys/close.o
 .data          0x00000000800097f0        0x0 ./src/bsp/libwrap/sys/execve.o
 .data          0x00000000800097f0        0x0 ./src/bsp/libwrap/sys/fork.o
 .data          0x00000000800097f0        0x0 ./src/bsp/libwrap/sys/fstat.o
 .data          0x00000000800097f0        0x0 ./src/bsp/libwrap/sys/getpid.o
 .data          0x00000000800097f0        0x0 ./src/bsp/libwrap/sys/isatty.o
 .data          0x00000000800097f0        0x0 ./src/bsp/libwrap/sys/kill.o
 .data          0x00000000800097f0        0x0 ./src/bsp/libwrap/sys/link.o
 .data          0x00000000800097f0        0x0 ./src/bsp/libwrap/sys/lseek.o
 .data          0x00000000800097f0        0x0 ./src/bsp/libwrap/sys/open.o
 .data          0x00000000800097f0        0x0 ./src/bsp/libwrap/sys/openat.o
 .data          0x00000000800097f0        0x0 ./src/bsp/libwrap/sys/puts.o
 .data          0x00000000800097f0        0x0 ./src/bsp/libwrap/sys/read.o
 .data          0x00000000800097f0        0x0 ./src/bsp/libwrap/sys/sbrk.o
 .data          0x00000000800097f0        0x0 ./src/bsp/libwrap/sys/stat.o
 .data          0x00000000800097f0        0x0 ./src/bsp/libwrap/sys/times.o
 .data          0x00000000800097f0        0x0 ./src/bsp/libwrap/sys/unlink.o
 .data          0x00000000800097f0        0x0 ./src/bsp/libwrap/sys/wait.o
 .data          0x00000000800097f0        0x0 ./src/bsp/libwrap/sys/write.o
 .data          0x00000000800097f0        0x0 ./src/bsp/libwrap/stdlib/malloc.o
 .data          0x00000000800097f0        0x0 ./src/bsp/libwrap/misc/write_hex.o
 .data          0x00000000800097f0        0x0 ./src/bsp/env/sifive_sum/init.o
 .data          0x00000000800097f0        0x0 ./src/bsp/env/entry.o
 .data          0x00000000800097f0        0x0 ./src/bsp/env/start.o
 .data          0x00000000800097f0        0x0 ./src/bsp/drivers/plic/plic_driver.o
 .data          0x00000000800097f0        0x0 ./src/bsp/drivers/fe300prci/fe300prci_driver.o
 .data          0x00000000800097f0        0x0 ./src/libpicojpeg.o
 .data          0x00000000800097f0        0x0 ./src/picojpeg_test.o
 .data          0x00000000800097f0        0x0 c:/users/vivek/appdata/local/ashling/riscfree_idev24.2.0-f/toolchain/riscv64-unknown-elf/bin/../lib/gcc/riscv64-unknown-elf/12.2.0/../../../../riscv64-unknown-elf/lib/rv32imac/ilp32\libc.a(lib_a-assert.o)
 .data          0x00000000800097f0        0x0 c:/users/vivek/appdata/local/ashling/riscfree_idev24.2.0-f/toolchain/riscv64-unknown-elf/bin/../lib/gcc/riscv64-unknown-elf/12.2.0/../../../../riscv64-unknown-elf/lib/rv32imac/ilp32\libc.a(lib_a-atexit.o)
 .data          0x00000000800097f0        0x0 c:/users/vivek/appdata/local/ashling/riscfree_idev24.2.0-f/toolchain/riscv64-unknown-elf/bin/../lib/gcc/riscv64-unknown-elf/12.2.0/../../../../riscv64-unknown-elf/lib/rv32imac/ilp32\libc.a(lib_a-exit.o)
 .data          0x00000000800097f0        0x0 c:/users/vivek/appdata/local/ashling/riscfree_idev24.2.0-f/toolchain/riscv64-unknown-elf/bin/../lib/gcc/riscv64-unknown-elf/12.2.0/../../../../riscv64-unknown-elf/lib/rv32imac/ilp32\libc.a(lib_a-fini.o)
 .data          0x00000000800097f0        0x0 c:/users/vivek/appdata/local/ashling/riscfree_idev24.2.0-f/toolchain/riscv64-unknown-elf/bin/../lib/gcc/riscv64-unknown-elf/12.2.0/../../../../riscv64-unknown-elf/lib/rv32imac/ilp32\libc.a(lib_a-fiprintf.o)
 .data          0x00000000800097f0      0x428 c:/users/vivek/appdata/local/ashling/riscfree_idev24.2.0-f/toolchain/riscv64-unknown-elf/bin/../lib/gcc/riscv64-unknown-elf/12.2.0/../../../../riscv64-unknown-elf/lib/rv32imac/ilp32\libc.a(lib_a-impure.o)
 .data          0x0000000080009c18        0x0 c:/users/vivek/appdata/local/ashling/riscfree_idev24.2.0-f/toolchain/riscv64-unknown-elf/bin/../lib/gcc/riscv64-unknown-elf/12.2.0/../../../../riscv64-unknown-elf/lib/rv32imac/ilp32\libc.a(lib_a-init.o)
 .data          0x0000000080009c18        0x0 c:/users/vivek/appdata/local/ashling/riscfree_idev24.2.0-f/toolchain/riscv64-unknown-elf/bin/../lib/gcc/riscv64-unknown-elf/12.2.0/../../../../riscv64-unknown-elf/lib/rv32imac/ilp32\libc.a(lib_a-memcmp.o)
 .data          0x0000000080009c18        0x0 c:/users/vivek/appdata/local/ashling/riscfree_idev24.2.0-f/toolchain/riscv64-unknown-elf/bin/../lib/gcc/riscv64-unknown-elf/12.2.0/../../../../riscv64-unknown-elf/lib/rv32imac/ilp32\libc.a(lib_a-memcpy.o)
 .data          0x0000000080009c18        0x0 c:/users/vivek/appdata/local/ashling/riscfree_idev24.2.0-f/toolchain/riscv64-unknown-elf/bin/../lib/gcc/riscv64-unknown-elf/12.2.0/../../../../riscv64-unknown-elf/lib/rv32imac/ilp32\libc.a(lib_a-memset.o)
 .data          0x0000000080009c18        0x0 c:/users/vivek/appdata/local/ashling/riscfree_idev24.2.0-f/toolchain/riscv64-unknown-elf/bin/../lib/gcc/riscv64-unknown-elf/12.2.0/../../../../riscv64-unknown-elf/lib/rv32imac/ilp32\libc.a(lib_a-sysisatty.o)
 .data          0x0000000080009c18        0x0 c:/users/vivek/appdata/local/ashling/riscfree_idev24.2.0-f/toolchain/riscv64-unknown-elf/bin/../lib/gcc/riscv64-unknown-elf/12.2.0/../../../../riscv64-unknown-elf/lib/rv32imac/ilp32\libc.a(lib_a-syssbrk.o)
 .data          0x0000000080009c18        0x0 c:/users/vivek/appdata/local/ashling/riscfree_idev24.2.0-f/toolchain/riscv64-unknown-elf/bin/../lib/gcc/riscv64-unknown-elf/12.2.0/../../../../riscv64-unknown-elf/lib/rv32imac/ilp32\libc.a(lib_a-syswrite.o)
 .data          0x0000000080009c18        0x0 c:/users/vivek/appdata/local/ashling/riscfree_idev24.2.0-f/toolchain/riscv64-unknown-elf/bin/../lib/gcc/riscv64-unknown-elf/12.2.0/../../../../riscv64-unknown-elf/lib/rv32imac/ilp32\libc.a(lib_a-vfiprintf.o)
 .data          0x0000000080009c18        0x0 c:/users/vivek/appdata/local/ashling/riscfree_idev24.2.0-f/toolchain/riscv64-unknown-elf/bin/../lib/gcc/riscv64-unknown-elf/12.2.0/../../../../riscv64-unknown-elf/lib/rv32imac/ilp32\libc.a(lib_a-writer.o)
 .data          0x0000000080009c18        0x0 c:/users/vivek/appdata/local/ashling/riscfree_idev24.2.0-f/toolchain/riscv64-unknown-elf/bin/../lib/gcc/riscv64-unknown-elf/12.2.0/../../../../riscv64-unknown-elf/lib/rv32imac/ilp32\libc.a(lib_a-wsetup.o)
 .data          0x0000000080009c18        0x0 c:/users/vivek/appdata/local/ashling/riscfree_idev24.2.0-f/toolchain/riscv64-unknown-elf/bin/../lib/gcc/riscv64-unknown-elf/12.2.0/../../../../riscv64-unknown-elf/lib/rv32imac/ilp32\libc.a(lib_a-__atexit.o)
 .data          0x0000000080009c18        0x0 c:/users/vivek/appdata/local/ashling/riscfree_idev24.2.0-f/toolchain/riscv64-unknown-elf/bin/../lib/gcc/riscv64-unknown-elf/12.2.0/../../../../riscv64-unknown-elf/lib/rv32imac/ilp32\libc.a(lib_a-__call_atexit.o)
 .data          0x0000000080009c18        0x0 c:/users/vivek/appdata/local/ashling/riscfree_idev24.2.0-f/toolchain/riscv64-unknown-elf/bin/../lib/gcc/riscv64-unknown-elf/12.2.0/../../../../riscv64-unknown-elf/lib/rv32imac/ilp32\libc.a(lib_a-abort.o)
 .data          0x0000000080009c18        0x0 c:/users/vivek/appdata/local/ashling/riscfree_idev24.2.0-f/toolchain/riscv64-unknown-elf/bin/../lib/gcc/riscv64-unknown-elf/12.2.0/../../../../riscv64-unknown-elf/lib/rv32imac/ilp32\libc.a(lib_a-fflush.o)
 .data          0x0000000080009c18        0x0 c:/users/vivek/appdata/local/ashling/riscfree_idev24.2.0-f/toolchain/riscv64-unknown-elf/bin/../lib/gcc/riscv64-unknown-elf/12.2.0/../../../../riscv64-unknown-elf/lib/rv32imac/ilp32\libc.a(lib_a-findfp.o)
 .data          0x0000000080009c18        0x0 c:/users/vivek/appdata/local/ashling/riscfree_idev24.2.0-f/toolchain/riscv64-unknown-elf/bin/../lib/gcc/riscv64-unknown-elf/12.2.0/../../../../riscv64-unknown-elf/lib/rv32imac/ilp32\libc.a(lib_a-fputwc.o)
 .data          0x0000000080009c18        0x0 c:/users/vivek/appdata/local/ashling/riscfree_idev24.2.0-f/toolchain/riscv64-unknown-elf/bin/../lib/gcc/riscv64-unknown-elf/12.2.0/../../../../riscv64-unknown-elf/lib/rv32imac/ilp32\libc.a(lib_a-freer.o)
 .data          0x0000000080009c18        0x0 c:/users/vivek/appdata/local/ashling/riscfree_idev24.2.0-f/toolchain/riscv64-unknown-elf/bin/../lib/gcc/riscv64-unknown-elf/12.2.0/../../../../riscv64-unknown-elf/lib/rv32imac/ilp32\libc.a(lib_a-fvwrite.o)
 .data          0x0000000080009c18        0x0 c:/users/vivek/appdata/local/ashling/riscfree_idev24.2.0-f/toolchain/riscv64-unknown-elf/bin/../lib/gcc/riscv64-unknown-elf/12.2.0/../../../../riscv64-unknown-elf/lib/rv32imac/ilp32\libc.a(lib_a-fwalk.o)
 .data          0x0000000080009c18      0x16c c:/users/vivek/appdata/local/ashling/riscfree_idev24.2.0-f/toolchain/riscv64-unknown-elf/bin/../lib/gcc/riscv64-unknown-elf/12.2.0/../../../../riscv64-unknown-elf/lib/rv32imac/ilp32\libc.a(lib_a-locale.o)
                0x0000000080009c18                __global_locale
 .data          0x0000000080009d84        0x0 c:/users/vivek/appdata/local/ashling/riscfree_idev24.2.0-f/toolchain/riscv64-unknown-elf/bin/../lib/gcc/riscv64-unknown-elf/12.2.0/../../../../riscv64-unknown-elf/lib/rv32imac/ilp32\libc.a(lib_a-localeconv.o)
 .data          0x0000000080009d84        0x0 c:/users/vivek/appdata/local/ashling/riscfree_idev24.2.0-f/toolchain/riscv64-unknown-elf/bin/../lib/gcc/riscv64-unknown-elf/12.2.0/../../../../riscv64-unknown-elf/lib/rv32imac/ilp32\libc.a(lib_a-makebuf.o)
 .data          0x0000000080009d84      0x408 c:/users/vivek/appdata/local/ashling/riscfree_idev24.2.0-f/toolchain/riscv64-unknown-elf/bin/../lib/gcc/riscv64-unknown-elf/12.2.0/../../../../riscv64-unknown-elf/lib/rv32imac/ilp32\libc.a(lib_a-mallocr.o)
                0x0000000080009d84                __malloc_av_
 .data          0x000000008000a18c        0x0 c:/users/vivek/appdata/local/ashling/riscfree_idev24.2.0-f/toolchain/riscv64-unknown-elf/bin/../lib/gcc/riscv64-unknown-elf/12.2.0/../../../../riscv64-unknown-elf/lib/rv32imac/ilp32\libc.a(lib_a-mbtowc_r.o)
 .data          0x000000008000a18c        0x0 c:/users/vivek/appdata/local/ashling/riscfree_idev24.2.0-f/toolchain/riscv64-unknown-elf/bin/../lib/gcc/riscv64-unknown-elf/12.2.0/../../../../riscv64-unknown-elf/lib/rv32imac/ilp32\libc.a(lib_a-memchr.o)
 .data          0x000000008000a18c        0x0 c:/users/vivek/appdata/local/ashling/riscfree_idev24.2.0-f/toolchain/riscv64-unknown-elf/bin/../lib/gcc/riscv64-unknown-elf/12.2.0/../../../../riscv64-unknown-elf/lib/rv32imac/ilp32\libc.a(lib_a-memmove-stub.o)
 .data          0x000000008000a18c        0x0 c:/users/vivek/appdata/local/ashling/riscfree_idev24.2.0-f/toolchain/riscv64-unknown-elf/bin/../lib/gcc/riscv64-unknown-elf/12.2.0/../../../../riscv64-unknown-elf/lib/rv32imac/ilp32\libc.a(lib_a-mlock.o)
 .data          0x000000008000a18c        0x0 c:/users/vivek/appdata/local/ashling/riscfree_idev24.2.0-f/toolchain/riscv64-unknown-elf/bin/../lib/gcc/riscv64-unknown-elf/12.2.0/../../../../riscv64-unknown-elf/lib/rv32imac/ilp32\libc.a(lib_a-reallocr.o)
 .data          0x000000008000a18c        0x0 c:/users/vivek/appdata/local/ashling/riscfree_idev24.2.0-f/toolchain/riscv64-unknown-elf/bin/../lib/gcc/riscv64-unknown-elf/12.2.0/../../../../riscv64-unknown-elf/lib/rv32imac/ilp32\libc.a(lib_a-reent.o)
 .data          0x000000008000a18c        0x0 c:/users/vivek/appdata/local/ashling/riscfree_idev24.2.0-f/toolchain/riscv64-unknown-elf/bin/../lib/gcc/riscv64-unknown-elf/12.2.0/../../../../riscv64-unknown-elf/lib/rv32imac/ilp32\libc.a(lib_a-sbrkr.o)
 .data          0x000000008000a18c        0x0 c:/users/vivek/appdata/local/ashling/riscfree_idev24.2.0-f/toolchain/riscv64-unknown-elf/bin/../lib/gcc/riscv64-unknown-elf/12.2.0/../../../../riscv64-unknown-elf/lib/rv32imac/ilp32\libc.a(lib_a-signal.o)
 .data          0x000000008000a18c        0x0 c:/users/vivek/appdata/local/ashling/riscfree_idev24.2.0-f/toolchain/riscv64-unknown-elf/bin/../lib/gcc/riscv64-unknown-elf/12.2.0/../../../../riscv64-unknown-elf/lib/rv32imac/ilp32\libc.a(lib_a-signalr.o)
 .data          0x000000008000a18c        0x0 c:/users/vivek/appdata/local/ashling/riscfree_idev24.2.0-f/toolchain/riscv64-unknown-elf/bin/../lib/gcc/riscv64-unknown-elf/12.2.0/../../../../riscv64-unknown-elf/lib/rv32imac/ilp32\libc.a(lib_a-stdio.o)
 .data          0x000000008000a18c        0x0 c:/users/vivek/appdata/local/ashling/riscfree_idev24.2.0-f/toolchain/riscv64-unknown-elf/bin/../lib/gcc/riscv64-unknown-elf/12.2.0/../../../../riscv64-unknown-elf/lib/rv32imac/ilp32\libc.a(lib_a-strcmp.o)
 .data          0x000000008000a18c        0x0 c:/users/vivek/appdata/local/ashling/riscfree_idev24.2.0-f/toolchain/riscv64-unknown-elf/bin/../lib/gcc/riscv64-unknown-elf/12.2.0/../../../../riscv64-unknown-elf/lib/rv32imac/ilp32\libc.a(lib_a-strlen.o)
 .data          0x000000008000a18c        0x0 c:/users/vivek/appdata/local/ashling/riscfree_idev24.2.0-f/toolchain/riscv64-unknown-elf/bin/../lib/gcc/riscv64-unknown-elf/12.2.0/../../../../riscv64-unknown-elf/lib/rv32imac/ilp32\libc.a(lib_a-strncpy.o)
 .data          0x000000008000a18c        0x0 c:/users/vivek/appdata/local/ashling/riscfree_idev24.2.0-f/toolchain/riscv64-unknown-elf/bin/../lib/gcc/riscv64-unknown-elf/12.2.0/../../../../riscv64-unknown-elf/lib/rv32imac/ilp32\libc.a(lib_a-wbuf.o)
 .data          0x000000008000a18c        0x0 c:/users/vivek/appdata/local/ashling/riscfree_idev24.2.0-f/toolchain/riscv64-unknown-elf/bin/../lib/gcc/riscv64-unknown-elf/12.2.0/../../../../riscv64-unknown-elf/lib/rv32imac/ilp32\libc.a(lib_a-wcrtomb.o)
 .data          0x000000008000a18c        0x0 c:/users/vivek/appdata/local/ashling/riscfree_idev24.2.0-f/toolchain/riscv64-unknown-elf/bin/../lib/gcc/riscv64-unknown-elf/12.2.0/../../../../riscv64-unknown-elf/lib/rv32imac/ilp32\libc.a(lib_a-wctomb_r.o)
 .data          0x000000008000a18c        0x0 c:/users/vivek/appdata/local/ashling/riscfree_idev24.2.0-f/toolchain/riscv64-unknown-elf/bin/../lib/gcc/riscv64-unknown-elf/12.2.0/../../../../riscv64-unknown-elf/lib/rv32imac/ilp32\libc.a(lib_a-closer.o)
 .data          0x000000008000a18c        0x0 c:/users/vivek/appdata/local/ashling/riscfree_idev24.2.0-f/toolchain/riscv64-unknown-elf/bin/../lib/gcc/riscv64-unknown-elf/12.2.0/../../../../riscv64-unknown-elf/lib/rv32imac/ilp32\libc.a(lib_a-ctype_.o)
 .data          0x000000008000a18c        0x0 c:/users/vivek/appdata/local/ashling/riscfree_idev24.2.0-f/toolchain/riscv64-unknown-elf/bin/../lib/gcc/riscv64-unknown-elf/12.2.0/../../../../riscv64-unknown-elf/lib/rv32imac/ilp32\libc.a(lib_a-fclose.o)
 .data          0x000000008000a18c        0x0 c:/users/vivek/appdata/local/ashling/riscfree_idev24.2.0-f/toolchain/riscv64-unknown-elf/bin/../lib/gcc/riscv64-unknown-elf/12.2.0/../../../../riscv64-unknown-elf/lib/rv32imac/ilp32\libc.a(lib_a-fstatr.o)
 .data          0x000000008000a18c        0x0 c:/users/vivek/appdata/local/ashling/riscfree_idev24.2.0-f/toolchain/riscv64-unknown-elf/bin/../lib/gcc/riscv64-unknown-elf/12.2.0/../../../../riscv64-unknown-elf/lib/rv32imac/ilp32\libc.a(lib_a-isattyr.o)
 .data          0x000000008000a18c        0x0 c:/users/vivek/appdata/local/ashling/riscfree_idev24.2.0-f/toolchain/riscv64-unknown-elf/bin/../lib/gcc/riscv64-unknown-elf/12.2.0/../../../../riscv64-unknown-elf/lib/rv32imac/ilp32\libc.a(lib_a-lseekr.o)
 .data          0x000000008000a18c        0x0 c:/users/vivek/appdata/local/ashling/riscfree_idev24.2.0-f/toolchain/riscv64-unknown-elf/bin/../lib/gcc/riscv64-unknown-elf/12.2.0/../../../../riscv64-unknown-elf/lib/rv32imac/ilp32\libc.a(lib_a-readr.o)
 .data          0x000000008000a18c        0x0 c:/users/vivek/appdata/local/ashling/riscfree_idev24.2.0-f/toolchain/riscv64-unknown-elf/bin/../lib/gcc/riscv64-unknown-elf/12.2.0/../../../../riscv64-unknown-elf/lib/rv32imac/ilp32\libgloss.a(sys_close.o)
 .data          0x000000008000a18c        0x0 c:/users/vivek/appdata/local/ashling/riscfree_idev24.2.0-f/toolchain/riscv64-unknown-elf/bin/../lib/gcc/riscv64-unknown-elf/12.2.0/../../../../riscv64-unknown-elf/lib/rv32imac/ilp32\libgloss.a(sys_exit.o)
 .data          0x000000008000a18c        0x0 c:/users/vivek/appdata/local/ashling/riscfree_idev24.2.0-f/toolchain/riscv64-unknown-elf/bin/../lib/gcc/riscv64-unknown-elf/12.2.0/../../../../riscv64-unknown-elf/lib/rv32imac/ilp32\libgloss.a(sys_fstat.o)
 .data          0x000000008000a18c        0x0 c:/users/vivek/appdata/local/ashling/riscfree_idev24.2.0-f/toolchain/riscv64-unknown-elf/bin/../lib/gcc/riscv64-unknown-elf/12.2.0/../../../../riscv64-unknown-elf/lib/rv32imac/ilp32\libgloss.a(sys_getpid.o)
 .data          0x000000008000a18c        0x0 c:/users/vivek/appdata/local/ashling/riscfree_idev24.2.0-f/toolchain/riscv64-unknown-elf/bin/../lib/gcc/riscv64-unknown-elf/12.2.0/../../../../riscv64-unknown-elf/lib/rv32imac/ilp32\libgloss.a(sys_isatty.o)
 .data          0x000000008000a18c        0x0 c:/users/vivek/appdata/local/ashling/riscfree_idev24.2.0-f/toolchain/riscv64-unknown-elf/bin/../lib/gcc/riscv64-unknown-elf/12.2.0/../../../../riscv64-unknown-elf/lib/rv32imac/ilp32\libgloss.a(sys_kill.o)
 .data          0x000000008000a18c        0x0 c:/users/vivek/appdata/local/ashling/riscfree_idev24.2.0-f/toolchain/riscv64-unknown-elf/bin/../lib/gcc/riscv64-unknown-elf/12.2.0/../../../../riscv64-unknown-elf/lib/rv32imac/ilp32\libgloss.a(sys_lseek.o)
 .data          0x000000008000a18c        0x0 c:/users/vivek/appdata/local/ashling/riscfree_idev24.2.0-f/toolchain/riscv64-unknown-elf/bin/../lib/gcc/riscv64-unknown-elf/12.2.0/../../../../riscv64-unknown-elf/lib/rv32imac/ilp32\libgloss.a(sys_read.o)
 .data          0x000000008000a18c        0x0 c:/users/vivek/appdata/local/ashling/riscfree_idev24.2.0-f/toolchain/riscv64-unknown-elf/bin/../lib/gcc/riscv64-unknown-elf/12.2.0/../../../../riscv64-unknown-elf/lib/rv32imac/ilp32\libgloss.a(sys_sbrk.o)
 .data          0x000000008000a18c        0x0 c:/users/vivek/appdata/local/ashling/riscfree_idev24.2.0-f/toolchain/riscv64-unknown-elf/bin/../lib/gcc/riscv64-unknown-elf/12.2.0/../../../../riscv64-unknown-elf/lib/rv32imac/ilp32\libgloss.a(sys_write.o)
 .data          0x000000008000a18c        0x0 c:/users/vivek/appdata/local/ashling/riscfree_idev24.2.0-f/toolchain/riscv64-unknown-elf/bin/../lib/gcc/riscv64-unknown-elf/12.2.0/../../../../riscv64-unknown-elf/lib/rv32imac/ilp32\libgloss.a(sys_conv_stat.o)
 .data          0x000000008000a18c        0x0 c:/users/vivek/appdata/local/ashling/riscfree_idev24.2.0-f/toolchain/riscv64-unknown-elf/bin/../lib/gcc/riscv64-unknown-elf/12.2.0/../../../../riscv64-unknown-elf/lib/rv32imac/ilp32\libc.a(lib_a-errno.o)
 *(.gnu.linkonce.d.*)
                0x000000008000a190                . = ALIGN (0x8)
 *fill*         0x000000008000a18c        0x4 
                0x000000008000a990                PROVIDE (__global_pointer$ = (. + 0x800))
 *(.sdata .sdata.*)
 .sdata.curbrk.0
                0x000000008000a190        0x4 ./src/bsp/libwrap/sys/sbrk.o
 .sdata         0x000000008000a194        0x4 c:/users/vivek/appdata/local/ashling/riscfree_idev24.2.0-f/toolchain/riscv64-unknown-elf/bin/../lib/gcc/riscv64-unknown-elf/12.2.0/../../../../riscv64-unknown-elf/lib/rv32imac/ilp32\libc.a(lib_a-impure.o)
                0x000000008000a194                _impure_ptr
 .sdata         0x000000008000a198        0x8 c:/users/vivek/appdata/local/ashling/riscfree_idev24.2.0-f/toolchain/riscv64-unknown-elf/bin/../lib/gcc/riscv64-unknown-elf/12.2.0/../../../../riscv64-unknown-elf/lib/rv32imac/ilp32\libc.a(lib_a-mallocr.o)
                0x000000008000a198                __malloc_sbrk_base
                0x000000008000a19c                __malloc_trim_threshold
 *(.gnu.linkonce.s.*)
                0x000000008000a1a0                . = ALIGN (0x8)
 *(.srodata.cst16)
 *(.srodata.cst8)
 *(.srodata.cst4)
 *(.srodata.cst2)
 *(.srodata .srodata.*)
 .srodata       0x000000008000a1a0        0x4 c:/users/vivek/appdata/local/ashling/riscfree_idev24.2.0-f/toolchain/riscv64-unknown-elf/bin/../lib/gcc/riscv64-unknown-elf/12.2.0/../../../../riscv64-unknown-elf/lib/rv32imac/ilp32\libc.a(lib_a-impure.o)
                0x000000008000a1a0                _global_impure_ptr
                0x000000008000a1a4                . = ALIGN (0x4)
                0x000000008000a1a4                PROVIDE (_edata = .)
                [!provide]                        PROVIDE (edata = .)
                [!provide]                        PROVIDE (_fbss = .)
                0x000000008000a1a4                PROVIDE (__bss_start = .)

.bss            0x000000008000a1a4      0x9d0
 *(.sbss*)
 .sbss.seed     0x000000008000a1a4        0x4 ./src/support/beebsc.o
 .sbss.heap_ptr
                0x000000008000a1a8        0x4 ./src/support/beebsc.o
 .sbss.heap_end
                0x000000008000a1ac        0x4 ./src/support/beebsc.o
 .sbss.heap_requested
                0x000000008000a1b0        0x4 ./src/support/beebsc.o
 .sbss.gLastDC  0x000000008000a1b4        0x6 ./src/libpicojpeg.o
 .sbss.gValidHuffTables
                0x000000008000a1ba        0x1 ./src/libpicojpeg.o
 .sbss.gValidQuantTables
                0x000000008000a1bb        0x1 ./src/libpicojpeg.o
 .sbss.gTemFlag
                0x000000008000a1bc        0x1 ./src/libpicojpeg.o
 .sbss.gInBufOfs
                0x000000008000a1bd        0x1 ./src/libpicojpeg.o
 .sbss.gInBufLeft
                0x000000008000a1be        0x1 ./src/libpicojpeg.o
 *fill*         0x000000008000a1bf        0x1 
 .sbss.gBitBuf  0x000000008000a1c0        0x2 ./src/libpicojpeg.o
 .sbss.gBitsLeft
                0x000000008000a1c2        0x1 ./src/libpicojpeg.o
 *fill*         0x000000008000a1c3        0x1 
 .sbss.gImageXSize
                0x000000008000a1c4        0x2 ./src/libpicojpeg.o
 .sbss.gImageYSize
                0x000000008000a1c6        0x2 ./src/libpicojpeg.o
 .sbss.gCompsInFrame
                0x000000008000a1c8        0x1 ./src/libpicojpeg.o
 *fill*         0x000000008000a1c9        0x3 
 .sbss.gCompIdent
                0x000000008000a1cc        0x3 ./src/libpicojpeg.o
 *fill*         0x000000008000a1cf        0x1 
 .sbss.gCompHSamp
                0x000000008000a1d0        0x3 ./src/libpicojpeg.o
 *fill*         0x000000008000a1d3        0x1 
 .sbss.gCompVSamp
                0x000000008000a1d4        0x3 ./src/libpicojpeg.o
 *fill*         0x000000008000a1d7        0x1 
 .sbss.gCompQuant
                0x000000008000a1d8        0x3 ./src/libpicojpeg.o
 *fill*         0x000000008000a1db        0x1 
 .sbss.gRestartInterval
                0x000000008000a1dc        0x2 ./src/libpicojpeg.o
 .sbss.gNextRestartNum
                0x000000008000a1de        0x2 ./src/libpicojpeg.o
 .sbss.gRestartsLeft
                0x000000008000a1e0        0x2 ./src/libpicojpeg.o
 .sbss.gCompsInScan
                0x000000008000a1e2        0x1 ./src/libpicojpeg.o
 *fill*         0x000000008000a1e3        0x1 
 .sbss.gCompList
                0x000000008000a1e4        0x3 ./src/libpicojpeg.o
 *fill*         0x000000008000a1e7        0x1 
 .sbss.gCompDCTab
                0x000000008000a1e8        0x3 ./src/libpicojpeg.o
 *fill*         0x000000008000a1eb        0x1 
 .sbss.gCompACTab
                0x000000008000a1ec        0x3 ./src/libpicojpeg.o
 *fill*         0x000000008000a1ef        0x1 
 .sbss.gScanType
                0x000000008000a1f0        0x4 ./src/libpicojpeg.o
 .sbss.gMaxBlocksPerMCU
                0x000000008000a1f4        0x1 ./src/libpicojpeg.o
 .sbss.gMaxMCUXSize
                0x000000008000a1f5        0x1 ./src/libpicojpeg.o
 .sbss.gMaxMCUYSize
                0x000000008000a1f6        0x1 ./src/libpicojpeg.o
 *fill*         0x000000008000a1f7        0x1 
 .sbss.gMaxMCUSPerRow
                0x000000008000a1f8        0x2 ./src/libpicojpeg.o
 .sbss.gMaxMCUSPerCol
                0x000000008000a1fa        0x2 ./src/libpicojpeg.o
 .sbss.gNumMCUSRemaining
                0x000000008000a1fc        0x2 ./src/libpicojpeg.o
 *fill*         0x000000008000a1fe        0x2 
 .sbss.gMCUOrg  0x000000008000a200        0x6 ./src/libpicojpeg.o
 *fill*         0x000000008000a206        0x2 
 .sbss.g_pNeedBytesCallback
                0x000000008000a208        0x4 ./src/libpicojpeg.o
 .sbss.g_pCallback_data
                0x000000008000a20c        0x4 ./src/libpicojpeg.o
 .sbss.gCallbackStatus
                0x000000008000a210        0x1 ./src/libpicojpeg.o
 .sbss.gReduce  0x000000008000a211        0x1 ./src/libpicojpeg.o
 .sbss.spectral_start
                0x000000008000a212        0x1 ./src/libpicojpeg.o
                0x000000008000a212                spectral_start
 .sbss.spectral_end
                0x000000008000a213        0x1 ./src/libpicojpeg.o
                0x000000008000a213                spectral_end
 .sbss.successive_high
                0x000000008000a214        0x1 ./src/libpicojpeg.o
                0x000000008000a214                successive_high
 .sbss.successive_low
                0x000000008000a215        0x1 ./src/libpicojpeg.o
                0x000000008000a215                successive_low
 *fill*         0x000000008000a216        0x2 
 .sbss.jpeg_off
                0x000000008000a218        0x4 ./src/picojpeg_test.o
                0x000000008000a218                jpeg_off
 .sbss          0x000000008000a21c        0x4 c:/users/vivek/appdata/local/ashling/riscfree_idev24.2.0-f/toolchain/riscv64-unknown-elf/bin/../lib/gcc/riscv64-unknown-elf/12.2.0/../../../../riscv64-unknown-elf/lib/rv32imac/ilp32\libc.a(lib_a-locale.o)
                0x000000008000a21c                _PathLocale
 .sbss          0x000000008000a220        0xc c:/users/vivek/appdata/local/ashling/riscfree_idev24.2.0-f/toolchain/riscv64-unknown-elf/bin/../lib/gcc/riscv64-unknown-elf/12.2.0/../../../../riscv64-unknown-elf/lib/rv32imac/ilp32\libc.a(lib_a-mallocr.o)
                0x000000008000a220                __malloc_max_total_mem
                0x000000008000a224                __malloc_max_sbrked_mem
                0x000000008000a228                __malloc_top_pad
 .sbss          0x000000008000a22c        0x4 c:/users/vivek/appdata/local/ashling/riscfree_idev24.2.0-f/toolchain/riscv64-unknown-elf/bin/../lib/gcc/riscv64-unknown-elf/12.2.0/../../../../riscv64-unknown-elf/lib/rv32imac/ilp32\libc.a(lib_a-reent.o)
                0x000000008000a22c                errno
 .sbss          0x000000008000a230        0x4 c:/users/vivek/appdata/local/ashling/riscfree_idev24.2.0-f/toolchain/riscv64-unknown-elf/bin/../lib/gcc/riscv64-unknown-elf/12.2.0/../../../../riscv64-unknown-elf/lib/rv32imac/ilp32\libgloss.a(sys_sbrk.o)
 *(.gnu.linkonce.sb.*)
 *(.bss .bss.*)
 .bss           0x000000008000a234        0x0 ./src/support/beebsc.o
 .bss           0x000000008000a234        0x0 ./src/support/board.o
 .bss           0x000000008000a234        0x0 ./src/support/chip.o
 .bss           0x000000008000a234        0x0 ./src/support/dummy-libm.o
 .bss           0x000000008000a234        0x0 ./src/support/main.o
 .bss           0x000000008000a234        0x0 ./src/bsp/libwrap/sys/_exit.o
 .bss           0x000000008000a234        0x0 ./src/bsp/libwrap/sys/close.o
 .bss           0x000000008000a234        0x0 ./src/bsp/libwrap/sys/execve.o
 .bss           0x000000008000a234        0x0 ./src/bsp/libwrap/sys/fork.o
 .bss           0x000000008000a234        0x0 ./src/bsp/libwrap/sys/fstat.o
 .bss           0x000000008000a234        0x0 ./src/bsp/libwrap/sys/getpid.o
 .bss           0x000000008000a234        0x0 ./src/bsp/libwrap/sys/isatty.o
 .bss           0x000000008000a234        0x0 ./src/bsp/libwrap/sys/kill.o
 .bss           0x000000008000a234        0x0 ./src/bsp/libwrap/sys/link.o
 .bss           0x000000008000a234        0x0 ./src/bsp/libwrap/sys/lseek.o
 .bss           0x000000008000a234        0x0 ./src/bsp/libwrap/sys/open.o
 .bss           0x000000008000a234        0x0 ./src/bsp/libwrap/sys/openat.o
 .bss           0x000000008000a234        0x0 ./src/bsp/libwrap/sys/puts.o
 .bss           0x000000008000a234        0x0 ./src/bsp/libwrap/sys/read.o
 .bss           0x000000008000a234        0x0 ./src/bsp/libwrap/sys/sbrk.o
 .bss           0x000000008000a234        0x0 ./src/bsp/libwrap/sys/stat.o
 .bss           0x000000008000a234        0x0 ./src/bsp/libwrap/sys/times.o
 .bss           0x000000008000a234        0x0 ./src/bsp/libwrap/sys/unlink.o
 .bss           0x000000008000a234        0x0 ./src/bsp/libwrap/sys/wait.o
 .bss           0x000000008000a234        0x0 ./src/bsp/libwrap/sys/write.o
 .bss           0x000000008000a234        0x0 ./src/bsp/libwrap/stdlib/malloc.o
 .bss           0x000000008000a234        0x0 ./src/bsp/libwrap/misc/write_hex.o
 .bss           0x000000008000a234        0x0 ./src/bsp/env/sifive_sum/init.o
 .bss           0x000000008000a234        0x0 ./src/bsp/env/entry.o
 .bss           0x000000008000a234        0x0 ./src/bsp/env/start.o
 .bss           0x000000008000a234        0x0 ./src/bsp/drivers/plic/plic_driver.o
 .bss           0x000000008000a234        0x0 ./src/bsp/drivers/fe300prci/fe300prci_driver.o
 .bss           0x000000008000a234        0x0 ./src/libpicojpeg.o
 .bss.gCoeffBuf
                0x000000008000a234       0x80 ./src/libpicojpeg.o
 .bss.gMCUBufR  0x000000008000a2b4      0x100 ./src/libpicojpeg.o
 .bss.gMCUBufG  0x000000008000a3b4      0x100 ./src/libpicojpeg.o
 .bss.gMCUBufB  0x000000008000a4b4      0x100 ./src/libpicojpeg.o
 .bss.gQuant0   0x000000008000a5b4       0x80 ./src/libpicojpeg.o
 .bss.gQuant1   0x000000008000a634       0x80 ./src/libpicojpeg.o
 .bss.gHuffTab0
                0x000000008000a6b4       0x50 ./src/libpicojpeg.o
 .bss.gHuffVal0
                0x000000008000a704       0x10 ./src/libpicojpeg.o
 .bss.gHuffTab1
                0x000000008000a714       0x50 ./src/libpicojpeg.o
 .bss.gHuffVal1
                0x000000008000a764       0x10 ./src/libpicojpeg.o
 .bss.gHuffTab2
                0x000000008000a774       0x50 ./src/libpicojpeg.o
 .bss.gHuffVal2
                0x000000008000a7c4      0x100 ./src/libpicojpeg.o
 .bss.gHuffTab3
                0x000000008000a8c4       0x50 ./src/libpicojpeg.o
 .bss.gHuffVal3
                0x000000008000a914      0x100 ./src/libpicojpeg.o
 .bss.gInBuf    0x000000008000aa14      0x100 ./src/libpicojpeg.o
 .bss           0x000000008000ab14        0x0 ./src/picojpeg_test.o
 .bss.pInfo     0x000000008000ab14       0x2c ./src/picojpeg_test.o
                0x000000008000ab14                pInfo
 .bss           0x000000008000ab40        0x0 c:/users/vivek/appdata/local/ashling/riscfree_idev24.2.0-f/toolchain/riscv64-unknown-elf/bin/../lib/gcc/riscv64-unknown-elf/12.2.0/../../../../riscv64-unknown-elf/lib/rv32imac/ilp32\libc.a(lib_a-assert.o)
 .bss           0x000000008000ab40        0x0 c:/users/vivek/appdata/local/ashling/riscfree_idev24.2.0-f/toolchain/riscv64-unknown-elf/bin/../lib/gcc/riscv64-unknown-elf/12.2.0/../../../../riscv64-unknown-elf/lib/rv32imac/ilp32\libc.a(lib_a-atexit.o)
 .bss           0x000000008000ab40        0x0 c:/users/vivek/appdata/local/ashling/riscfree_idev24.2.0-f/toolchain/riscv64-unknown-elf/bin/../lib/gcc/riscv64-unknown-elf/12.2.0/../../../../riscv64-unknown-elf/lib/rv32imac/ilp32\libc.a(lib_a-exit.o)
 .bss           0x000000008000ab40        0x0 c:/users/vivek/appdata/local/ashling/riscfree_idev24.2.0-f/toolchain/riscv64-unknown-elf/bin/../lib/gcc/riscv64-unknown-elf/12.2.0/../../../../riscv64-unknown-elf/lib/rv32imac/ilp32\libc.a(lib_a-fini.o)
 .bss           0x000000008000ab40        0x0 c:/users/vivek/appdata/local/ashling/riscfree_idev24.2.0-f/toolchain/riscv64-unknown-elf/bin/../lib/gcc/riscv64-unknown-elf/12.2.0/../../../../riscv64-unknown-elf/lib/rv32imac/ilp32\libc.a(lib_a-fiprintf.o)
 .bss           0x000000008000ab40        0x0 c:/users/vivek/appdata/local/ashling/riscfree_idev24.2.0-f/toolchain/riscv64-unknown-elf/bin/../lib/gcc/riscv64-unknown-elf/12.2.0/../../../../riscv64-unknown-elf/lib/rv32imac/ilp32\libc.a(lib_a-impure.o)
 .bss           0x000000008000ab40        0x0 c:/users/vivek/appdata/local/ashling/riscfree_idev24.2.0-f/toolchain/riscv64-unknown-elf/bin/../lib/gcc/riscv64-unknown-elf/12.2.0/../../../../riscv64-unknown-elf/lib/rv32imac/ilp32\libc.a(lib_a-init.o)
 .bss           0x000000008000ab40        0x0 c:/users/vivek/appdata/local/ashling/riscfree_idev24.2.0-f/toolchain/riscv64-unknown-elf/bin/../lib/gcc/riscv64-unknown-elf/12.2.0/../../../../riscv64-unknown-elf/lib/rv32imac/ilp32\libc.a(lib_a-memcmp.o)
 .bss           0x000000008000ab40        0x0 c:/users/vivek/appdata/local/ashling/riscfree_idev24.2.0-f/toolchain/riscv64-unknown-elf/bin/../lib/gcc/riscv64-unknown-elf/12.2.0/../../../../riscv64-unknown-elf/lib/rv32imac/ilp32\libc.a(lib_a-memcpy.o)
 .bss           0x000000008000ab40        0x0 c:/users/vivek/appdata/local/ashling/riscfree_idev24.2.0-f/toolchain/riscv64-unknown-elf/bin/../lib/gcc/riscv64-unknown-elf/12.2.0/../../../../riscv64-unknown-elf/lib/rv32imac/ilp32\libc.a(lib_a-memset.o)
 .bss           0x000000008000ab40        0x0 c:/users/vivek/appdata/local/ashling/riscfree_idev24.2.0-f/toolchain/riscv64-unknown-elf/bin/../lib/gcc/riscv64-unknown-elf/12.2.0/../../../../riscv64-unknown-elf/lib/rv32imac/ilp32\libc.a(lib_a-sysisatty.o)
 .bss           0x000000008000ab40        0x0 c:/users/vivek/appdata/local/ashling/riscfree_idev24.2.0-f/toolchain/riscv64-unknown-elf/bin/../lib/gcc/riscv64-unknown-elf/12.2.0/../../../../riscv64-unknown-elf/lib/rv32imac/ilp32\libc.a(lib_a-syssbrk.o)
 .bss           0x000000008000ab40        0x0 c:/users/vivek/appdata/local/ashling/riscfree_idev24.2.0-f/toolchain/riscv64-unknown-elf/bin/../lib/gcc/riscv64-unknown-elf/12.2.0/../../../../riscv64-unknown-elf/lib/rv32imac/ilp32\libc.a(lib_a-syswrite.o)
 .bss           0x000000008000ab40        0x0 c:/users/vivek/appdata/local/ashling/riscfree_idev24.2.0-f/toolchain/riscv64-unknown-elf/bin/../lib/gcc/riscv64-unknown-elf/12.2.0/../../../../riscv64-unknown-elf/lib/rv32imac/ilp32\libc.a(lib_a-vfiprintf.o)
 .bss           0x000000008000ab40        0x0 c:/users/vivek/appdata/local/ashling/riscfree_idev24.2.0-f/toolchain/riscv64-unknown-elf/bin/../lib/gcc/riscv64-unknown-elf/12.2.0/../../../../riscv64-unknown-elf/lib/rv32imac/ilp32\libc.a(lib_a-writer.o)
 .bss           0x000000008000ab40        0x0 c:/users/vivek/appdata/local/ashling/riscfree_idev24.2.0-f/toolchain/riscv64-unknown-elf/bin/../lib/gcc/riscv64-unknown-elf/12.2.0/../../../../riscv64-unknown-elf/lib/rv32imac/ilp32\libc.a(lib_a-wsetup.o)
 .bss           0x000000008000ab40        0x0 c:/users/vivek/appdata/local/ashling/riscfree_idev24.2.0-f/toolchain/riscv64-unknown-elf/bin/../lib/gcc/riscv64-unknown-elf/12.2.0/../../../../riscv64-unknown-elf/lib/rv32imac/ilp32\libc.a(lib_a-__atexit.o)
 .bss           0x000000008000ab40        0x0 c:/users/vivek/appdata/local/ashling/riscfree_idev24.2.0-f/toolchain/riscv64-unknown-elf/bin/../lib/gcc/riscv64-unknown-elf/12.2.0/../../../../riscv64-unknown-elf/lib/rv32imac/ilp32\libc.a(lib_a-__call_atexit.o)
 .bss           0x000000008000ab40        0x0 c:/users/vivek/appdata/local/ashling/riscfree_idev24.2.0-f/toolchain/riscv64-unknown-elf/bin/../lib/gcc/riscv64-unknown-elf/12.2.0/../../../../riscv64-unknown-elf/lib/rv32imac/ilp32\libc.a(lib_a-abort.o)
 .bss           0x000000008000ab40        0x0 c:/users/vivek/appdata/local/ashling/riscfree_idev24.2.0-f/toolchain/riscv64-unknown-elf/bin/../lib/gcc/riscv64-unknown-elf/12.2.0/../../../../riscv64-unknown-elf/lib/rv32imac/ilp32\libc.a(lib_a-fflush.o)
 .bss           0x000000008000ab40        0x0 c:/users/vivek/appdata/local/ashling/riscfree_idev24.2.0-f/toolchain/riscv64-unknown-elf/bin/../lib/gcc/riscv64-unknown-elf/12.2.0/../../../../riscv64-unknown-elf/lib/rv32imac/ilp32\libc.a(lib_a-findfp.o)
 .bss           0x000000008000ab40        0x0 c:/users/vivek/appdata/local/ashling/riscfree_idev24.2.0-f/toolchain/riscv64-unknown-elf/bin/../lib/gcc/riscv64-unknown-elf/12.2.0/../../../../riscv64-unknown-elf/lib/rv32imac/ilp32\libc.a(lib_a-fputwc.o)
 .bss           0x000000008000ab40        0x0 c:/users/vivek/appdata/local/ashling/riscfree_idev24.2.0-f/toolchain/riscv64-unknown-elf/bin/../lib/gcc/riscv64-unknown-elf/12.2.0/../../../../riscv64-unknown-elf/lib/rv32imac/ilp32\libc.a(lib_a-freer.o)
 .bss           0x000000008000ab40        0x0 c:/users/vivek/appdata/local/ashling/riscfree_idev24.2.0-f/toolchain/riscv64-unknown-elf/bin/../lib/gcc/riscv64-unknown-elf/12.2.0/../../../../riscv64-unknown-elf/lib/rv32imac/ilp32\libc.a(lib_a-fvwrite.o)
 .bss           0x000000008000ab40        0x0 c:/users/vivek/appdata/local/ashling/riscfree_idev24.2.0-f/toolchain/riscv64-unknown-elf/bin/../lib/gcc/riscv64-unknown-elf/12.2.0/../../../../riscv64-unknown-elf/lib/rv32imac/ilp32\libc.a(lib_a-fwalk.o)
 .bss           0x000000008000ab40        0x0 c:/users/vivek/appdata/local/ashling/riscfree_idev24.2.0-f/toolchain/riscv64-unknown-elf/bin/../lib/gcc/riscv64-unknown-elf/12.2.0/../../../../riscv64-unknown-elf/lib/rv32imac/ilp32\libc.a(lib_a-locale.o)
 .bss           0x000000008000ab40        0x0 c:/users/vivek/appdata/local/ashling/riscfree_idev24.2.0-f/toolchain/riscv64-unknown-elf/bin/../lib/gcc/riscv64-unknown-elf/12.2.0/../../../../riscv64-unknown-elf/lib/rv32imac/ilp32\libc.a(lib_a-localeconv.o)
 .bss           0x000000008000ab40        0x0 c:/users/vivek/appdata/local/ashling/riscfree_idev24.2.0-f/toolchain/riscv64-unknown-elf/bin/../lib/gcc/riscv64-unknown-elf/12.2.0/../../../../riscv64-unknown-elf/lib/rv32imac/ilp32\libc.a(lib_a-makebuf.o)
 .bss           0x000000008000ab40       0x28 c:/users/vivek/appdata/local/ashling/riscfree_idev24.2.0-f/toolchain/riscv64-unknown-elf/bin/../lib/gcc/riscv64-unknown-elf/12.2.0/../../../../riscv64-unknown-elf/lib/rv32imac/ilp32\libc.a(lib_a-mallocr.o)
                0x000000008000ab40                __malloc_current_mallinfo
 .bss           0x000000008000ab68        0x0 c:/users/vivek/appdata/local/ashling/riscfree_idev24.2.0-f/toolchain/riscv64-unknown-elf/bin/../lib/gcc/riscv64-unknown-elf/12.2.0/../../../../riscv64-unknown-elf/lib/rv32imac/ilp32\libc.a(lib_a-mbtowc_r.o)
 .bss           0x000000008000ab68        0x0 c:/users/vivek/appdata/local/ashling/riscfree_idev24.2.0-f/toolchain/riscv64-unknown-elf/bin/../lib/gcc/riscv64-unknown-elf/12.2.0/../../../../riscv64-unknown-elf/lib/rv32imac/ilp32\libc.a(lib_a-memchr.o)
 .bss           0x000000008000ab68        0x0 c:/users/vivek/appdata/local/ashling/riscfree_idev24.2.0-f/toolchain/riscv64-unknown-elf/bin/../lib/gcc/riscv64-unknown-elf/12.2.0/../../../../riscv64-unknown-elf/lib/rv32imac/ilp32\libc.a(lib_a-memmove-stub.o)
 .bss           0x000000008000ab68        0x0 c:/users/vivek/appdata/local/ashling/riscfree_idev24.2.0-f/toolchain/riscv64-unknown-elf/bin/../lib/gcc/riscv64-unknown-elf/12.2.0/../../../../riscv64-unknown-elf/lib/rv32imac/ilp32\libc.a(lib_a-mlock.o)
 .bss           0x000000008000ab68        0x0 c:/users/vivek/appdata/local/ashling/riscfree_idev24.2.0-f/toolchain/riscv64-unknown-elf/bin/../lib/gcc/riscv64-unknown-elf/12.2.0/../../../../riscv64-unknown-elf/lib/rv32imac/ilp32\libc.a(lib_a-reallocr.o)
 .bss           0x000000008000ab68        0x0 c:/users/vivek/appdata/local/ashling/riscfree_idev24.2.0-f/toolchain/riscv64-unknown-elf/bin/../lib/gcc/riscv64-unknown-elf/12.2.0/../../../../riscv64-unknown-elf/lib/rv32imac/ilp32\libc.a(lib_a-reent.o)
 .bss           0x000000008000ab68        0x0 c:/users/vivek/appdata/local/ashling/riscfree_idev24.2.0-f/toolchain/riscv64-unknown-elf/bin/../lib/gcc/riscv64-unknown-elf/12.2.0/../../../../riscv64-unknown-elf/lib/rv32imac/ilp32\libc.a(lib_a-sbrkr.o)
 .bss           0x000000008000ab68        0x0 c:/users/vivek/appdata/local/ashling/riscfree_idev24.2.0-f/toolchain/riscv64-unknown-elf/bin/../lib/gcc/riscv64-unknown-elf/12.2.0/../../../../riscv64-unknown-elf/lib/rv32imac/ilp32\libc.a(lib_a-signal.o)
 .bss           0x000000008000ab68        0x0 c:/users/vivek/appdata/local/ashling/riscfree_idev24.2.0-f/toolchain/riscv64-unknown-elf/bin/../lib/gcc/riscv64-unknown-elf/12.2.0/../../../../riscv64-unknown-elf/lib/rv32imac/ilp32\libc.a(lib_a-signalr.o)
 .bss           0x000000008000ab68        0x0 c:/users/vivek/appdata/local/ashling/riscfree_idev24.2.0-f/toolchain/riscv64-unknown-elf/bin/../lib/gcc/riscv64-unknown-elf/12.2.0/../../../../riscv64-unknown-elf/lib/rv32imac/ilp32\libc.a(lib_a-stdio.o)
 .bss           0x000000008000ab68        0x0 c:/users/vivek/appdata/local/ashling/riscfree_idev24.2.0-f/toolchain/riscv64-unknown-elf/bin/../lib/gcc/riscv64-unknown-elf/12.2.0/../../../../riscv64-unknown-elf/lib/rv32imac/ilp32\libc.a(lib_a-strcmp.o)
 .bss           0x000000008000ab68        0x0 c:/users/vivek/appdata/local/ashling/riscfree_idev24.2.0-f/toolchain/riscv64-unknown-elf/bin/../lib/gcc/riscv64-unknown-elf/12.2.0/../../../../riscv64-unknown-elf/lib/rv32imac/ilp32\libc.a(lib_a-strlen.o)
 .bss           0x000000008000ab68        0x0 c:/users/vivek/appdata/local/ashling/riscfree_idev24.2.0-f/toolchain/riscv64-unknown-elf/bin/../lib/gcc/riscv64-unknown-elf/12.2.0/../../../../riscv64-unknown-elf/lib/rv32imac/ilp32\libc.a(lib_a-strncpy.o)
 .bss           0x000000008000ab68        0x0 c:/users/vivek/appdata/local/ashling/riscfree_idev24.2.0-f/toolchain/riscv64-unknown-elf/bin/../lib/gcc/riscv64-unknown-elf/12.2.0/../../../../riscv64-unknown-elf/lib/rv32imac/ilp32\libc.a(lib_a-wbuf.o)
 .bss           0x000000008000ab68        0x0 c:/users/vivek/appdata/local/ashling/riscfree_idev24.2.0-f/toolchain/riscv64-unknown-elf/bin/../lib/gcc/riscv64-unknown-elf/12.2.0/../../../../riscv64-unknown-elf/lib/rv32imac/ilp32\libc.a(lib_a-wcrtomb.o)
 .bss           0x000000008000ab68        0x0 c:/users/vivek/appdata/local/ashling/riscfree_idev24.2.0-f/toolchain/riscv64-unknown-elf/bin/../lib/gcc/riscv64-unknown-elf/12.2.0/../../../../riscv64-unknown-elf/lib/rv32imac/ilp32\libc.a(lib_a-wctomb_r.o)
 .bss           0x000000008000ab68        0x0 c:/users/vivek/appdata/local/ashling/riscfree_idev24.2.0-f/toolchain/riscv64-unknown-elf/bin/../lib/gcc/riscv64-unknown-elf/12.2.0/../../../../riscv64-unknown-elf/lib/rv32imac/ilp32\libc.a(lib_a-closer.o)
 .bss           0x000000008000ab68        0x0 c:/users/vivek/appdata/local/ashling/riscfree_idev24.2.0-f/toolchain/riscv64-unknown-elf/bin/../lib/gcc/riscv64-unknown-elf/12.2.0/../../../../riscv64-unknown-elf/lib/rv32imac/ilp32\libc.a(lib_a-ctype_.o)
 .bss           0x000000008000ab68        0x0 c:/users/vivek/appdata/local/ashling/riscfree_idev24.2.0-f/toolchain/riscv64-unknown-elf/bin/../lib/gcc/riscv64-unknown-elf/12.2.0/../../../../riscv64-unknown-elf/lib/rv32imac/ilp32\libc.a(lib_a-fclose.o)
 .bss           0x000000008000ab68        0x0 c:/users/vivek/appdata/local/ashling/riscfree_idev24.2.0-f/toolchain/riscv64-unknown-elf/bin/../lib/gcc/riscv64-unknown-elf/12.2.0/../../../../riscv64-unknown-elf/lib/rv32imac/ilp32\libc.a(lib_a-fstatr.o)
 .bss           0x000000008000ab68        0x0 c:/users/vivek/appdata/local/ashling/riscfree_idev24.2.0-f/toolchain/riscv64-unknown-elf/bin/../lib/gcc/riscv64-unknown-elf/12.2.0/../../../../riscv64-unknown-elf/lib/rv32imac/ilp32\libc.a(lib_a-isattyr.o)
 .bss           0x000000008000ab68        0x0 c:/users/vivek/appdata/local/ashling/riscfree_idev24.2.0-f/toolchain/riscv64-unknown-elf/bin/../lib/gcc/riscv64-unknown-elf/12.2.0/../../../../riscv64-unknown-elf/lib/rv32imac/ilp32\libc.a(lib_a-lseekr.o)
 .bss           0x000000008000ab68        0x0 c:/users/vivek/appdata/local/ashling/riscfree_idev24.2.0-f/toolchain/riscv64-unknown-elf/bin/../lib/gcc/riscv64-unknown-elf/12.2.0/../../../../riscv64-unknown-elf/lib/rv32imac/ilp32\libc.a(lib_a-readr.o)